<html>
<body>
<pre>
<h1>µVision Build Log</h1>
<h2>Tool Versions:</h2>
IDE-Version: µVision V5.25.2.0
Copyright (C) 2018 ARM Ltd and ARM Germany GmbH. All rights reserved.
License Information: Aaron Jense, wolfSSL, LIC=8MZCY-2364D-52TD4-YMFSU-UGX93-RU7MJ
 
Tool Versions:
Toolchain:       MDK-ARM Professional  Version: 5.25.2.0
Toolchain Path:  C:\Keil_v5\ARM\ARMCC\Bin
C Compiler:      Armcc.exe V5.06 update 6 (build 750)
Assembler:       Armasm.exe V5.06 update 6 (build 750)
Linker/Locator:  ArmLink.exe V5.06 update 6 (build 750)
Library Manager: ArmAr.exe V5.06 update 6 (build 750)
Hex Converter:   FromElf.exe V5.06 update 6 (build 750)
CPU DLL:         SARMCM3.DLL V5.25.2.0
Dialog DLL:      DCM.DLL V1.17.1.0
Target DLL:      UL2CM3.DLL V1.160.12.0
Dialog DLL:      TCM.DLL V1.35.1.0
 
<h2>Project:</h2>
C:\Users\Administrator\Desktop\aaron-testing\keil-mdk5\backup\wolfssl-full-working\IDE\MDK5-ARM\Projects\wolfSSL-Full\wolfsslFull.uvprojx
Project File Date:  08/28/2018

<h2>Output:</h2>
*** Using Compiler 'V5.06 update 6 (build 750)', folder: 'C:\Keil_v5\ARM\ARMCC\Bin'
Rebuild target 'STM32F207 Flash'
compiling time-CortexM3-4.c...
compiling PHY_ST802RT1.c...
compiling RTX_Conf_CM.c...
compiling retarget_io.c...
compiling shell.c...
compiling main.c...
C:\Keil_v5\ARM\PACK\wolfSSL\wolfSSL\3.14.0\wolfssl\wolfcrypt/src/misc.c(50): warning:  #1215-D: #warning directive: misc.c does not need to be compiled when using inline (NO_INLINE not defined)
          #warning misc.c does not need to be compiled when using inline (NO_INLINE not defined)
main.c(46): warning:  #1215-D: #warning directive: "write MPU specific System Clock Set up\n"
      #warning "write MPU specific System Clock Set up\n"
main.c: 2 warnings, 0 errors
compiling stm32f2xx_hal.c...
compiling MCI_STM32F2xx.c...
compiling stm32f2xx_hal_cortex.c...
compiling stm32f2xx_hal_dma_ex.c...
compiling stm32f2xx_hal_dma.c...
compiling EMAC_STM32F2xx.c...
compiling stm32f2xx_hal_eth.c...
assembling startup_stm32f207xx.s...
compiling FS_Config.c...
compiling stm32f2xx_hal_gpio.c...
compiling Net_Config.c...
compiling system_stm32f2xx.c...
compiling echoclient.c...
compiling stm32f2xx_hal_rcc_ex.c...
compiling client.c...
compiling crl.c...
compiling echoserver.c...
compiling ocsp.c...
compiling sniffer.c...
compiling keys.c...
compiling stm32f2xx_hal_rcc.c...
compiling server.c...
compiling stm32f2xx_hal_sram.c...
compiling stm32f2xx_ll_fsmc.c...
compiling tls13.c...
compiling aes.c...
compiling arc4.c...
compiling wolfio.c...
compiling asm.c...
compiling tls.c...
compiling blake2b.c...
compiling benchmark.c...
compiling chacha20_poly1305.c...
compiling chacha.c...
compiling cmac.c...
compiling compress.c...
compiling cpuid.c...
compiling coding.c...
compiling curve25519.c...
compiling ssl.c...
compiling des3.c...
compiling ecc_fp.c...
compiling dh.c...
compiling ed25519.c...
compiling dsa.c...
compiling fe_low_mem.c...
compiling error.c...
compiling fe_operations.c...
compiling ge_low_mem.c...
compiling asn.c...
compiling ge_operations.c...
compiling hc128.c...
compiling hash.c...
compiling ecc.c...
compiling logging.c...
compiling hmac.c...
compiling md2.c...
compiling md5.c...
compiling md4.c...
compiling pkcs7.c...
compiling memory.c...
compiling internal.c...
compiling poly1305.c...
compiling armv8-aes.c...
compiling camellia.c...
compiling armv8-sha256.c...
compiling atmel.c...
compiling caam_aes.c...
compiling caam_driver.c...
compiling pkcs12.c...
compiling caam_init.c...
compiling integer.c...
compiling caam_sha.c...
compiling ksdk_port.c...
compiling pic32mz-crypt.c...
compiling stm32.c...
compiling ti-aes.c...
compiling ti-ccm.c...
compiling ti-des3.c...
compiling ti-hash.c...
compiling xil-aesgcm.c...
compiling xil-sha3.c...
compiling rabbit.c...
compiling pwdbased.c...
compiling random.c...
C:\Keil_v5\ARM\PACK\wolfSSL\wolfSSL\3.14.0\wolfssl\wolfcrypt\src\random.c(1775): warning:  #1215-D: #warning directive: "write a real random seed!!!!, just for testing now"
          #warning "write a real random seed!!!!, just for testing now"
C:\Keil_v5\ARM\PACK\wolfSSL\wolfSSL\3.14.0\wolfssl\wolfcrypt\src\random.c: 1 warning, 0 errors
compiling sha3.c...
compiling sha512.c...
compiling sha256.c...
compiling rsa.c...
compiling sp_int.c...
compiling signature.c...
compiling sp.c...
compiling srp.c...
compiling tfm.c...
compiling wc_encrypt.c...
compiling wolfevent.c...
compiling wc_port.c...
compiling sha.c...
compiling wolfmath.c...
compiling ripemd.c...
compiling test.c...
linking...
Program Size: Code=262208 RO-data=23092 RW-data=824 ZI-data=68552  
".\Object\wolfssl-Full.axf" - 0 Error(s), 3 Warning(s).

<h2>Software Packages used:</h2>

Package Vendor: ARM
                http://www.keil.com/pack/ARM.CMSIS.5.3.0.pack
                ARM.CMSIS.5.3.0
                CMSIS (Cortex Microcontroller Software Interface Standard)
   * Component: Ethernet MAC Version: 2.1.0
   * Component: Ethernet PHY Version: 2.1.0
   * Component: MCI Version: 2.3.0
   * Component: RTOS Version: 1.0.0
   * Component: CORE Version: 5.1.1
   * Component: Keil RTX Version: 4.81.1

Package Vendor: wolfSSL
                http://www.wolfSSL.com/files/ide/wolfSSL.wolfSSL.3.14.0.pack
                wolfSSL.wolfSSL.3.14.0
                Light weight SSL/TLS and Crypt Library for Embedded Systems
   * Component: Benchmark Version: 3.14.0
   * Component: CORE Version: 3.14.0
   * Component: Test Version: 3.14.0
   * Component: Core Version: 3.14.0
   * Component: SimpleClient Version: 3.14.0
   * Component: SimpleServer Version: 3.14.0
   * Component: echoClient Version: 3.14.0
   * Component: echoServer Version: 3.14.0

Package Vendor: Keil
                http://www.keil.com/pack/Keil.ARM_Compiler.1.4.0.pack
                Keil.ARM_Compiler.1.4.0
                Keil ARM Compiler extensions for ARM Compiler 5 and ARM Compiler 6
   * Component: File Variant: File System Version: 1.4.0
   * Component: STDERR Variant: ITM Version: 1.4.0
   * Component: STDIN Variant: ITM Version: 1.4.0
   * Component: STDOUT Variant: ITM Version: 1.4.0

Package Vendor: Keil
                http://www.keil.com/pack/Keil.MDK-Middleware.7.5.0.pack
                Keil.MDK-Middleware.7.5.0
                Middleware for Keil MDK-Professional and MDK-Plus
   * Component: CORE Variant: LFN Version: 6.10.0
   * Component: Memory Card Version: 6.10.0
   * Component: CORE Variant: IPv4 Release Version: 7.7.0
   * Component: ETH Version: 7.7.0
   * Component: DNS Client Version: 7.7.0
   * Component: BSD Version: 7.7.0
   * Component: TCP Version: 7.7.0
   * Component: UDP Version: 7.7.0
   * Component: ST802RT1 Version: 6.2.0

Package Vendor: Keil
                http://www.keil.com/pack/Keil.STM32F2xx_DFP.2.9.0.pack
                Keil.STM32F2xx_DFP.2.9.0
                STMicroelectronics STM32F2 Series Device Support, Drivers and Examples
   * Component: STM32Cube Framework Version: 1.0.0
   * Component: Ethernet MAC Version: 2.8
   * Component: MCI Version: 2.6
   * Component: Classic Version: 1.2.1
   * Component: Common Version: 1.2.1
   * Component: Cortex Version: 1.2.1
   * Component: DMA Version: 1.2.1
   * Component: ETH Version: 1.2.1
   * Component: GPIO Version: 1.2.1
   * Component: RCC Version: 1.2.1
   * Component: SRAM Version: 1.2.1
   * Component: Startup Version: 2.2.1

<h2>Collection of Component include folders:</h2>
  .\RTE\Device\STM32F207IGHx
  .\RTE\_STM32F207_Flash
  .\RTE\wolfSSL
  C:\Keil_v5\ARM\PACK\ARM\CMSIS\5.3.0\CMSIS\Driver\Include
  C:\Keil_v5\ARM\PACK\ARM\CMSIS\5.3.0\CMSIS\Include
  C:\Keil_v5\ARM\PACK\ARM\CMSIS\5.3.0\CMSIS\RTOS\RTX\INC
  C:\Keil_v5\ARM\PACK\Keil\MDK-Middleware\7.5.0\FileSystem\Include
  C:\Keil_v5\ARM\PACK\Keil\MDK-Middleware\7.5.0\Network\Include
  C:\Keil_v5\ARM\PACK\Keil\STM32F2xx_DFP\2.9.0\Drivers\CMSIS\Device\ST\STM32F2xx\Include
  C:\Keil_v5\ARM\PACK\Keil\STM32F2xx_DFP\2.9.0\Drivers\STM32F2xx_HAL_Driver\Inc
  C:\Keil_v5\ARM\PACK\wolfSSL\wolfSSL\3.14.0\wolfssl
  C:\Keil_v5\ARM\PACK\wolfSSL\wolfSSL\3.14.0\wolfssl\IDE\MDK5-ARM\Inc

<h2>Collection of Component Files used:</h2>

   * Component: ::CMSIS Driver:Ethernet MAC:2.1.0 (API)
      Include file:  CMSIS\Driver\Include\Driver_ETH_MAC.h

   * Component: ::CMSIS Driver:Ethernet PHY:2.1.0 (API)
      Include file:  CMSIS\Driver\Include\Driver_ETH_PHY.h

   * Component: ::CMSIS Driver:MCI:2.3.0 (API)
      Include file:  CMSIS\Driver\Include\Driver_MCI.h

   * Component: ::CMSIS:RTOS:1.0.0 (API)

   * Component: ::Device:STM32Cube Framework:1.0.0 (API)

   * Component: ARM::CMSIS:CORE:5.1.1

   * Component: ARM::CMSIS:RTOS:Keil RTX:4.81.1
      Library file:  CMSIS\RTOS\RTX\LIB\ARM\RTX_CM3.lib
      Source file:   CMSIS\RTOS\RTX\Templates\RTX_Conf_CM.c
      Include file:  CMSIS\RTOS\RTX\INC\cmsis_os.h
      Source file:   CMSIS\RTOS\RTX\UserCodeTemplates\main.c
      Source file:   CMSIS\RTOS\RTX\UserCodeTemplates\MailQueue.c
      Source file:   CMSIS\RTOS\RTX\UserCodeTemplates\MemPool.c
      Source file:   CMSIS\RTOS\RTX\UserCodeTemplates\MsgQueue.c
      Include file:  CMSIS\RTOS\RTX\UserCodeTemplates\osObjects.h
      Source file:   CMSIS\RTOS\RTX\UserCodeTemplates\Semaphore.c
      Source file:   CMSIS\RTOS\RTX\UserCodeTemplates\Mutex.c
      Source file:   CMSIS\RTOS\RTX\UserCodeTemplates\Thread.c
      Source file:   CMSIS\RTOS\RTX\UserCodeTemplates\Timer.c
      Source file:   CMSIS\RTOS\RTX\SRC\ARM\SVC_Table.s

   * Component: Keil.ARM Compiler::Compiler:I/O:File:File System:1.4.0
      Source file:   Source\retarget_io.c

   * Component: Keil.ARM Compiler::Compiler:I/O:STDERR:ITM:1.4.0
      Source file:   Source\retarget_io.c

   * Component: Keil.ARM Compiler::Compiler:I/O:STDIN:ITM:1.4.0
      Source file:   Source\retarget_io.c

   * Component: Keil.ARM Compiler::Compiler:I/O:STDOUT:ITM:1.4.0
      Source file:   Source\retarget_io.c

   * Component: Keil.MDK-Pro::File System:CORE:LFN:6.10.0
      Library file:  FileSystem\Lib\ARM\FS_LFN_CM3_L.lib
      Source file:   FileSystem\Config\FS_Config.c
      Include file:  FileSystem\Include\rl_fs.h

   * Component: Keil.MDK-Pro::File System:Drive:Memory Card:6.10.0
      Source file:   FileSystem\Config\FS_Config_MC.h

   * Component: Keil.MDK-Pro::Network:CORE:IPv4 Release:7.7.0
      Include file:  Network\Include\rl_net.h
      Source file:   Network\Config\Net_Config.c
      Library file:  Network\Lib\ARM\Net4_CM3_L.lib

   * Component: Keil.MDK-Pro::Network:Interface:ETH:7.7.0
      Source file:   Network\Config\Net_Config_ETH.h

   * Component: Keil.MDK-Pro::Network:Service:DNS Client:7.7.0
      Source file:   Network\Config\Net_Config_DNS_Client.h
      Source file:   Network\Template\DNS_Client.c

   * Component: Keil.MDK-Pro::Network:Socket:BSD:7.7.0
      Source file:   Network\Config\Net_Config_BSD.h

   * Component: Keil.MDK-Pro::Network:Socket:TCP:7.7.0
      Source file:   Network\Config\Net_Config_TCP.h
      Source file:   Network\Template\TCP_Socket_Server.c
      Source file:   Network\Template\TCP_Socket_Client.c

   * Component: Keil.MDK-Pro::Network:Socket:UDP:7.7.0
      Source file:   Network\Config\Net_Config_UDP.h
      Source file:   Network\Template\UDP_Socket.c

   * Component: Keil::CMSIS Driver:Ethernet MAC:2.8
      Source file:   CMSIS\Driver\EMAC_STM32F2xx.c

   * Component: Keil::CMSIS Driver:Ethernet PHY:ST802RT1:6.2.0
      Source file:   Network\Driver\PHY_ST802RT1.c

   * Component: Keil::CMSIS Driver:MCI:2.6
      Source file:   CMSIS\Driver\MCI_STM32F2xx.c

   * Component: Keil::Device:STM32Cube Framework:Classic:1.2.1
      Include file:  MDK\Templates\Inc\main.h
      Include file:  CMSIS\Driver\Config\RTE_Device.h
      Include file:  MDK\Templates\Inc\stm32f2xx_hal_conf.h
      Source file:   MDK\Templates\Src\stm32f2xx_hal_msp.c
      Include file:  MDK\Templates\Inc\stm32f2xx_it.h
      Source file:   MDK\Templates\Src\stm32f2xx_it.c
      Include file:  MDK\Templates_LL\Inc\main.h
      Source file:   MDK\Templates_LL\Src\main.c
      Source file:   MDK\Templates\Src\main.c

   * Component: Keil::Device:STM32Cube HAL:Common:1.2.1
      Include file:  Drivers\STM32F2xx_HAL_Driver\Inc\stm32f2xx_hal.h
      Source file:   Drivers\STM32F2xx_HAL_Driver\Src\stm32f2xx_hal.c

   * Component: Keil::Device:STM32Cube HAL:Cortex:1.2.1
      Source file:   Drivers\STM32F2xx_HAL_Driver\Src\stm32f2xx_hal_cortex.c

   * Component: Keil::Device:STM32Cube HAL:DMA:1.2.1
      Source file:   Drivers\STM32F2xx_HAL_Driver\Src\stm32f2xx_hal_dma_ex.c
      Source file:   Drivers\STM32F2xx_HAL_Driver\Src\stm32f2xx_hal_dma.c

   * Component: Keil::Device:STM32Cube HAL:ETH:1.2.1
      Source file:   Drivers\STM32F2xx_HAL_Driver\Src\stm32f2xx_hal_eth.c

   * Component: Keil::Device:STM32Cube HAL:GPIO:1.2.1
      Source file:   Drivers\STM32F2xx_HAL_Driver\Src\stm32f2xx_hal_gpio.c

   * Component: Keil::Device:STM32Cube HAL:RCC:1.2.1
      Source file:   Drivers\STM32F2xx_HAL_Driver\Src\stm32f2xx_hal_rcc_ex.c
      Source file:   Drivers\STM32F2xx_HAL_Driver\Src\stm32f2xx_hal_rcc.c

   * Component: Keil::Device:STM32Cube HAL:SRAM:1.2.1
      Source file:   Drivers\STM32F2xx_HAL_Driver\Src\stm32f2xx_hal_sram.c
      Source file:   Drivers\STM32F2xx_HAL_Driver\Src\stm32f2xx_ll_fsmc.c

   * Component: Keil::Device:Startup:2.2.1
      Source file:   MDK\Device\Source\ARM\STM32F2xx_OTP.s
      Source file:   Drivers\CMSIS\Device\ST\STM32F2xx\Source\Templates\arm\startup_stm32f207xx.s
      Include file:  Drivers\CMSIS\Device\ST\STM32F2xx\Include\stm32f2xx.h
      Source file:   MDK\Device\Source\ARM\STM32F2xx_OPT.s
      Source file:   Drivers\CMSIS\Device\ST\STM32F2xx\Source\Templates\system_stm32f2xx.c

   * Component: wolfSSL.wolfSSL::wolfSSL:wolfCrypt:Benchmark:3.14.0
      Source file:   wolfssl\wolfcrypt\benchmark\benchmark.c

   * Component: wolfSSL.wolfSSL::wolfSSL:wolfCrypt:CORE:3.14.0
      Include file:  wolfssl\IDE\MDK5-ARM\Conf\user_settings.h
      Source file:   wolfssl\wolfcrypt\src\ed25519.c
      Source file:   wolfssl\wolfcrypt\src\fe_operations.c
      Source file:   wolfssl\wolfcrypt\src\aes.c
      Source file:   wolfssl\wolfcrypt\src\cmac.c
      Source file:   wolfssl\wolfcrypt\src\curve25519.c
      Source file:   wolfssl\wolfcrypt\src\ge_operations.c
      Source file:   wolfssl\wolfcrypt\src\cpuid.c
      Source file:   wolfssl\wolfcrypt\src\ecc.c
      Source file:   wolfssl\wolfcrypt\src\dh.c
      Source file:   wolfssl\wolfcrypt\src\hc128.c
      Source file:   wolfssl\wolfcrypt\src\chacha20_poly1305.c
      Source file:   wolfssl\wolfcrypt\src\compress.c
      Source file:   wolfssl\wolfcrypt\src\des3.c
      Source file:   wolfssl\wolfcrypt\src\ecc_fp.c
      Source file:   wolfssl\wolfcrypt\src\ge_low_mem.c
      Source file:   wolfssl\wolfcrypt\src\hash.c
      Source file:   wolfssl\wolfcrypt\src\dsa.c
      Source file:   wolfssl\wolfcrypt\src\arc4.c
      Source file:   wolfssl\wolfcrypt\src\fe_low_mem.c
      Source file:   wolfssl\wolfcrypt\src\hmac.c
      Source file:   wolfssl\wolfcrypt\src\camellia.c
      Source file:   wolfssl\wolfcrypt\src\integer.c
      Source file:   wolfssl\wolfcrypt\src\asn.c
      Source file:   wolfssl\wolfcrypt\src\logging.c
      Source file:   wolfssl\wolfcrypt\src\md2.c
      Source file:   wolfssl\wolfcrypt\src\md4.c
      Source file:   wolfssl\wolfcrypt\src\blake2b.c
      Source file:   wolfssl\wolfcrypt\src\asm.c
      Source file:   wolfssl\wolfcrypt\src\coding.c
      Source file:   wolfssl\wolfcrypt\src\error.c
      Source file:   wolfssl\wolfcrypt\src\chacha.c
      Source file:   wolfssl\wolfcrypt\src\sha3.c
      Source file:   wolfssl\wolfcrypt\src\md5.c
      Source file:   wolfssl\wolfcrypt\src\random.c
      Source file:   wolfssl\wolfcrypt\src\signature.c
      Source file:   wolfssl\wolfcrypt\src\tfm.c
      Source file:   wolfssl\wolfcrypt\src\wolfevent.c
      Source file:   wolfssl\wolfcrypt\src\wolfmath.c
      Source file:   wolfssl\wolfcrypt\src\sp.c
      Source file:   wolfssl\wolfcrypt\src\wc_port.c
      Source file:   wolfssl\wolfcrypt\src\port\arm\armv8-aes.c
      Source file:   wolfssl\wolfcrypt\src\port\arm\armv8-sha256.c
      Source file:   wolfssl\wolfcrypt\src\port\atmel\atmel.c
      Source file:   wolfssl\wolfcrypt\src\port\caam\caam_init.c
      Source file:   wolfssl\wolfcrypt\src\port\nxp\ksdk_port.c
      Source file:   wolfssl\wolfcrypt\src\sha512.c
      Source file:   wolfssl\wolfcrypt\src\port\caam\caam_driver.c
      Source file:   wolfssl\wolfcrypt\src\poly1305.c
      Source file:   wolfssl\wolfcrypt\src\sha.c
      Source file:   wolfssl\wolfcrypt\src\srp.c
      Source file:   wolfssl\wolfcrypt\src\pwdbased.c
      Source file:   wolfssl\wolfcrypt\src\sha256.c
      Source file:   wolfssl\wolfcrypt\src\sp_int.c
      Source file:   wolfssl\wolfcrypt\src\port\pic32\pic32mz-crypt.c
      Source file:   wolfssl\wolfcrypt\src\wc_encrypt.c
      Source file:   wolfssl\wolfcrypt\src\memory.c
      Source file:   wolfssl\wolfcrypt\src\pkcs7.c
      Source file:   wolfssl\wolfcrypt\src\port\caam\caam_aes.c
      Source file:   wolfssl\wolfcrypt\src\port\caam\caam_sha.c
      Source file:   wolfssl\wolfcrypt\src\rsa.c
      Source file:   wolfssl\wolfcrypt\src\pkcs12.c
      Source file:   wolfssl\wolfcrypt\src\rabbit.c
      Source file:   wolfssl\wolfcrypt\src\ripemd.c
      Source file:   wolfssl\wolfcrypt\src\port\xilinx\xil-aesgcm.c
      Source file:   wolfssl\wolfcrypt\src\port\ti\ti-aes.c
      Source file:   wolfssl\wolfcrypt\src\port\xilinx\xil-sha3.c
      Source file:   wolfssl\wolfcrypt\src\port\st\stm32.c
      Source file:   wolfssl\wolfcrypt\src\port\ti\ti-ccm.c
      Source file:   wolfssl\wolfcrypt\src\port\ti\ti-des3.c
      Source file:   wolfssl\wolfcrypt\src\port\ti\ti-hash.c

   * Component: wolfSSL.wolfSSL::wolfSSL:wolfCrypt:Test:3.14.0
      Source file:   wolfssl\wolfcrypt\test\test.c

   * Component: wolfSSL.wolfSSL::wolfSSL:wolfSSL:Core:3.14.0
      Source file:   wolfssl\src\tls.c
      Source file:   wolfssl\src\internal.c
      Source file:   wolfssl\src\tls13.c
      Source file:   wolfssl\src\ssl.c
      Include file:  wolfssl\IDE\MDK5-ARM\Conf\user_settings.h
      Source file:   wolfssl\src\keys.c
      Source file:   wolfssl\src\sniffer.c
      Source file:   wolfssl\src\wolfio.c
      Source file:   wolfssl\src\crl.c
      Source file:   wolfssl\src\ocsp.c

   * Component: wolfSSL.wolfSSL::wolfSSL:wolfSSL:SimpleClient:3.14.0
      Source file:   wolfssl\examples\client\client.c

   * Component: wolfSSL.wolfSSL::wolfSSL:wolfSSL:SimpleServer:3.14.0
      Source file:   wolfssl\examples\server\server.c

   * Component: wolfSSL.wolfSSL::wolfSSL:wolfSSL:echoClient:3.14.0
      Source file:   wolfssl\examples\echoclient\echoclient.c

   * Component: wolfSSL.wolfSSL::wolfSSL:wolfSSL:echoServer:3.14.0
      Source file:   wolfssl\examples\echoserver\echoserver.c
Build Time Elapsed:  00:00:21
</pre>
</body>
</html>
