Component: ARM Compiler 5.06 update 6 (build 750) Tool: armlink [4d35ed]

==============================================================================

Section Cross References

    main.o(.text) refers to fs_mapi.o(i.finit) for finit
    main.o(.text) refers to __2printf.o(.text) for __2printf
    main.o(.text) refers to net_sys.o(i.netInitialize) for netInitialize
    main.o(.text) refers to rt_cmsis.o(i.osDelay) for osDelay
    main.o(.text) refers to shell.o(.text) for shell_main
    main.o(.text) refers to fs_mapi.o(i.fmount) for fmount
    shell.o(.text) refers to _printf_percent.o(.ARM.Collect$$_printf_percent$$00000000) for _printf_percent
    shell.o(.text) refers to _printf_d.o(.ARM.Collect$$_printf_percent$$00000009) for _printf_d
    shell.o(.text) refers to _printf_s.o(.ARM.Collect$$_printf_percent$$00000014) for _printf_s
    shell.o(.text) refers to _printf_dec.o(.text) for _printf_int_dec
    shell.o(.text) refers to _printf_str.o(.text) for _printf_str
    shell.o(.text) refers to __2printf.o(.text) for __2printf
    shell.o(.text) refers to rt_cmsis.o(i.osThreadYield) for osThreadYield
    shell.o(.text) refers to getc.o(.text) for getc
    shell.o(.text) refers to putc.o(.text) for putc
    shell.o(.text) refers to atoi.o(.text) for atoi
    shell.o(.text) refers to rt_cmsis.o(i.osThreadGetId) for osThreadGetId
    shell.o(.text) refers to rt_cmsis.o(i.osThreadTerminate) for osThreadTerminate
    shell.o(.text) refers to wc_port.o(.text) for wc_LockMutex
    shell.o(.text) refers to rt_cmsis.o(i.osDelay) for osDelay
    shell.o(.text) refers to strcmpv7m.o(.text) for strcmp
    shell.o(.text) refers to rt_cmsis.o(i.osThreadCreate) for osThreadCreate
    shell.o(.text) refers to fs_config.o(.text) for fflush
    shell.o(.text) refers to strlen.o(.text) for strlen
    shell.o(.text) refers to stdio_streams.o(.bss) for __stdin
    shell.o(.text) refers to stdio_streams.o(.bss) for __stdout
    shell.o(.text) refers to shell.o(.data) for .data
    shell.o(.text) refers to shell.o(.constdata) for .constdata
    shell.o(.text) refers to shell.o(.bss) for .bss
    shell.o(.constdata) refers to shell.o(.conststring) for .conststring
    shell.o(.constdata) refers to shell.o(.text) for command_invoke
    shell.o(.data) refers to shell.o(.conststring) for .conststring
    shell.o(.data) refers to echoclient.o(.text) for echoclient_test
    shell.o(.data) refers to echoserver.o(.text) for echoserver_test
    shell.o(.data) refers to benchmark.o(.text) for benchmark_test
    shell.o(.data) refers to test.o(.text) for wolfcrypt_test
    shell.o(.data) refers to client.o(.text) for client_test
    shell.o(.data) refers to server.o(.text) for server_test
    shell.o(.data) refers to shell.o(.text) for ipaddr_comm
    time-cortexm3-4.o(.text) refers to dflt_clz.o(x$fpl$dfltu) for __aeabi_ui2d
    time-cortexm3-4.o(.text) refers to ddiv.o(x$fpl$ddiv) for __aeabi_ddiv
    time-cortexm3-4.o(.text) refers to system_stm32f2xx.o(.data) for SystemCoreClock
    rtx_conf_cm.o(.emb_text) refers to rt_cmsis.o(i.osKernelInitialize) for osKernelInitialize
    rtx_conf_cm.o(.emb_text) refers to rt_cmsis.o(i.osThreadCreate) for osThreadCreate
    rtx_conf_cm.o(.emb_text) refers to rt_cmsis.o(i.osKernelStart) for osKernelStart
    rtx_conf_cm.o(.emb_text) refers to exit.o(.text) for exit
    rtx_conf_cm.o(.emb_text) refers to rtx_conf_cm.o(.constdata) for os_thread_def_main
    rtx_conf_cm.o(.text) refers to rt_task.o(i.rt_tsk_self) for rt_tsk_self
    rtx_conf_cm.o(.text) refers to rt_mutex.o(i.rt_mut_init) for rt_mut_init
    rtx_conf_cm.o(.text) refers to rt_cmsis.o(.data) for os_running
    rtx_conf_cm.o(.text) refers to rtx_conf_cm.o(.bss) for .bss
    rtx_conf_cm.o(.text) refers to libspace.o(.bss) for __libspace_start
    rtx_conf_cm.o(.text) refers to rtx_conf_cm.o(.data) for .data
    rtx_conf_cm.o(.text) refers to rt_mutex.o(i.rt_mut_wait) for rt_mut_wait
    rtx_conf_cm.o(.text) refers to rt_mutex.o(i.rt_mut_release) for rt_mut_release
    rtx_conf_cm.o(.constdata) refers to rtx_conf_cm.o(.bss) for os_messageQ_q_osTimerMessageQ
    rtx_conf_cm.o(.constdata) refers to main.o(.text) for main
    phy_st802rt1.o(.text) refers to phy_st802rt1.o(.constdata) for .constdata
    phy_st802rt1.o(.text) refers to phy_st802rt1.o(.bss) for .bss
    phy_st802rt1.o(.constdata) refers to phy_st802rt1.o(.text) for GetVersion
    emac_stm32f2xx.o(.text) refers to stm32f2xx_hal_gpio.o(.text) for HAL_GPIO_Init
    emac_stm32f2xx.o(.text) refers to stm32f2xx_hal_rcc.o(.text) for HAL_RCC_GetHCLKFreq
    emac_stm32f2xx.o(.text) refers to emac_stm32f2xx.o(.constdata) for .constdata
    emac_stm32f2xx.o(.text) refers to emac_stm32f2xx.o(.bss) for .bss
    emac_stm32f2xx.o(.text) refers to stm32f2xx_hal.o(.text) for HAL_GetTick
    emac_stm32f2xx.o(.constdata) refers to emac_stm32f2xx.o(.text) for GetVersion
    mci_stm32f2xx.o(.text) refers to stm32f2xx_hal_gpio.o(.text) for HAL_GPIO_Init
[...]
    0x080370d8   0x080370d8   0x00000076   Code   RO         3195    i.fill_cid          FS_LFN_CM3_L.lib(fs_mc_mci.o)
    0x0803714e   0x0803714e   0x00000050   Code   RO         4272    i.find_param        FS_LFN_CM3_L.lib(fs_fat.o)
    0x0803719e   0x0803719e   0x00000002   PAD
    0x080371a0   0x080371a0   0x00000048   Code   RO         3151    i.finit             FS_LFN_CM3_L.lib(fs_mapi.o)
    0x080371e8   0x080371e8   0x00000054   Code   RO         3154    i.fmount            FS_LFN_CM3_L.lib(fs_mapi.o)
    0x0803723c   0x0803723c   0x0000002c   Code   RO         4273    i.format_date       FS_LFN_CM3_L.lib(fs_fat.o)
    0x08037268   0x08037268   0x0000002e   Code   RO         4274    i.format_time       FS_LFN_CM3_L.lib(fs_fat.o)
    0x08037296   0x08037296   0x0000001a   Code   RO         5009    i.fputc             c_w.l(fputc.o)
    0x080372b0   0x080372b0   0x000000aa   Code   RO         4275    i.frec_allocate     FS_LFN_CM3_L.lib(fs_fat.o)
    0x0803735a   0x0803735a   0x00000058   Code   RO         4276    i.frec_delete       FS_LFN_CM3_L.lib(fs_fat.o)
    0x080373b2   0x080373b2   0x00000028   Code   RO         4277    i.frec_delete_elink  FS_LFN_CM3_L.lib(fs_fat.o)
    0x080373da   0x080373da   0x00000002   PAD
    0x080373dc   0x080373dc   0x0000020c   Code   RO         4278    i.frec_find         FS_LFN_CM3_L.lib(fs_fat.o)
    0x080375e8   0x080375e8   0x0000005a   Code   RO         4279    i.frec_find_elink   FS_LFN_CM3_L.lib(fs_fat.o)
    0x08037642   0x08037642   0x00000002   PAD
    0x08037644   0x08037644   0x000001ac   Code   RO         4280    i.frec_next         FS_LFN_CM3_L.lib(fs_fat.o)
    0x080377f0   0x080377f0   0x000000a4   Code   RO         3158    i.fs_component_init  FS_LFN_CM3_L.lib(fs_mapi.o)
    0x08037894   0x08037894   0x0000008c   Code   RO         4197    i.fs_drive_id       FS_LFN_CM3_L.lib(fs_common.o)
    0x08037920   0x08037920   0x0000001a   Code   RO         4630    i.fs_get_time       FS_LFN_CM3_L.lib(fs_time.o)
    0x0803793a   0x0803793a   0x00000004   Code   RO         3196    i.fs_mc_lock_unlock  FS_LFN_CM3_L.lib(fs_mc_mci.o)
    0x0803793e   0x0803793e   0x00000002   PAD
    0x08037940   0x08037940   0x00000020   Code   RO         4198    i.fs_set_cdrive     FS_LFN_CM3_L.lib(fs_common.o)
    0x08037960   0x08037960   0x0000007c   Code   RO         4281    i.fsinfo_read       FS_LFN_CM3_L.lib(fs_fat.o)
    0x080379dc   0x080379dc   0x00000060   Code   RO         4282    i.fsinfo_write      FS_LFN_CM3_L.lib(fs_fat.o)
    0x08037a3c   0x08037a3c   0x00000022   Code   RO         4283    i.get_EOC           FS_LFN_CM3_L.lib(fs_fat.o)
    0x08037a5e   0x08037a5e   0x00000002   PAD
    0x08037a60   0x08037a60   0x000000a0   Code   RO         3197    i.get_block_number  FS_LFN_CM3_L.lib(fs_mc_mci.o)
    0x08037b00   0x08037b00   0x00000032   Code   RO         4285    i.get_fat_sect      FS_LFN_CM3_L.lib(fs_fat.o)
    0x08037b32   0x08037b32   0x00000010   Code   RO         4286    i.get_root_clus     FS_LFN_CM3_L.lib(fs_fat.o)
    0x08037b42   0x08037b42   0x00000010   Code   RO         4202    i.get_u16           FS_LFN_CM3_L.lib(fs_common.o)
    0x08037b52   0x08037b52   0x00000016   Code   RO         4203    i.get_u32           FS_LFN_CM3_L.lib(fs_common.o)
    0x08037b68   0x08037b68   0x00000078   Code   RO         3662    i.gethostbyname     Net4_CM3_L.lib(net_bsd_host.o)
    0x08037be0   0x08037be0   0x0000005c   Code   RO         3532    i.getsockname       Net4_CM3_L.lib(net_bsd.o)
    0x08037c3c   0x08037c3c   0x0000000a   Code   RO         4486    i.ip4_get_chksum    Net4_CM3_L.lib(net_ip4.o)
    0x08037c46   0x08037c46   0x00000002   PAD
    0x08037c48   0x08037c48   0x0000001c   Code   RO         4487    i.ip4_get_mtu       Net4_CM3_L.lib(net_ip4.o)
    0x08037c64   0x08037c64   0x00000080   Code   RO         4488    i.ip4_get_route     Net4_CM3_L.lib(net_ip4.o)
    0x08037ce4   0x08037ce4   0x00000012   Code   RO         3534    i.is_addr_unspec    Net4_CM3_L.lib(net_bsd.o)
    0x08037cf6   0x08037cf6   0x0000001a   Code   RO         3535    i.is_addr_valid     Net4_CM3_L.lib(net_bsd.o)
    0x08037d10   0x08037d10   0x00000024   Code   RO         3593    i.is_selected       Net4_CM3_L.lib(net_dhcp_client.o)
    0x08037d34   0x08037d34   0x0000002c   Code   RO         2403    i.isrMessagePut     RTX_CM3.lib(rt_cmsis.o)
    0x08037d60   0x08037d60   0x00000028   Code   RO         2404    i.isrSemaphoreRelease  RTX_CM3.lib(rt_cmsis.o)
    0x08037d88   0x08037d88   0x00000024   Code   RO         2405    i.isrSignalSet      RTX_CM3.lib(rt_cmsis.o)
    0x08037dac   0x08037dac   0x00000028   Code   RO         3823    i.isr_evt_set       RTX_CM3.lib(rt_event.o)
    0x08037dd4   0x08037dd4   0x0000000e   Code   RO         3942    i.isr_mbx_send      RTX_CM3.lib(rt_mailbox.o)
    0x08037de2   0x08037de2   0x00000010   Code   RO         3989    i.isr_sem_send      RTX_CM3.lib(rt_semaphore.o)
    0x08037df2   0x08037df2   0x00000002   PAD
    0x08037df4   0x08037df4   0x00000020   Code   RO         4297    i.lfn_char_cnt      FS_LFN_CM3_L.lib(fs_fat.o)
    0x08037e14   0x08037e14   0x00000004   Code   RO         4298    i.link_clus         FS_LFN_CM3_L.lib(fs_fat.o)
    0x08037e18   0x08037e18   0x0000002c   Code   RO         3536    i.list_get_first    Net4_CM3_L.lib(net_bsd.o)
    0x08037e44   0x08037e44   0x000000e0   Code   RO         3537    i.listen            Net4_CM3_L.lib(net_bsd.o)
    0x08037f24   0x08037f24   0x0000035c   Code   RO         4912    i.log               m_ws.l(log.o)
    0x08038280   0x08038280   0x00000028   Code   RO         4299    i.long_ent_hash     FS_LFN_CM3_L.lib(fs_fat.o)
    0x080382a8   0x080382a8   0x000000f6   Code   RO         3198    i.mc_control_lock   FS_LFN_CM3_L.lib(fs_mc_mci.o)
    0x0803839e   0x0803839e   0x00000084   Code   RO         3199    i.mc_control_sleep  FS_LFN_CM3_L.lib(fs_mc_mci.o)
    0x08038422   0x08038422   0x00000038   Code   RO         3200    i.mc_enable_acmd    FS_LFN_CM3_L.lib(fs_mc_mci.o)
    0x0803845a   0x0803845a   0x00000186   Code   RO         3201    i.mc_mci_DevCtrl    FS_LFN_CM3_L.lib(fs_mc_mci.o)
    0x080385e0   0x080385e0   0x00000050   Code   RO         3202    i.mc_mci_DrvEvent   FS_LFN_CM3_L.lib(fs_mc_mci.o)
    0x08038630   0x08038630   0x000000e0   Code   RO         3203    i.mc_mci_Init       FS_LFN_CM3_L.lib(fs_mc_mci.o)
    0x08038710   0x08038710   0x0000001c   Code   RO         3204    i.mc_mci_ReadInfo   FS_LFN_CM3_L.lib(fs_mc_mci.o)
    0x0803872c   0x0803872c   0x000000d0   Code   RO         3205    i.mc_mci_ReadSector  FS_LFN_CM3_L.lib(fs_mc_mci.o)
    0x080387fc   0x080387fc   0x00000044   Code   RO         3206    i.mc_mci_UnInit     FS_LFN_CM3_L.lib(fs_mc_mci.o)
    0x08038840   0x08038840   0x000000e4   Code   RO         3207    i.mc_mci_WriteSector  FS_LFN_CM3_L.lib(fs_mc_mci.o)
    0x08038924   0x08038924   0x0000046c   Code   RO         3208    i.mc_native_init    FS_LFN_CM3_L.lib(fs_mc_mci.o)
    0x08038d90   0x08038d90   0x00000030   Code   RO         3209    i.mc_read_status    FS_LFN_CM3_L.lib(fs_mc_mci.o)
    0x08038dc0   0x08038dc0   0x000000dc   Code   RO         3210    i.mc_select_bus_width  FS_LFN_CM3_L.lib(fs_mc_mci.o)
    0x08038e9c   0x08038e9c   0x0000003e   Code   RO         3211    i.mc_select_deselect  FS_LFN_CM3_L.lib(fs_mc_mci.o)
    0x08038eda   0x08038eda   0x00000002   PAD
    0x08038edc   0x08038edc   0x000000a8   Code   RO         3212    i.mc_select_tran_state  FS_LFN_CM3_L.lib(fs_mc_mci.o)
    0x08038f84   0x08038f84   0x00000038   Code   RO         3213    i.mc_set_block_len  FS_LFN_CM3_L.lib(fs_mc_mci.o)
    0x08038fbc   0x08038fbc   0x0000003a   Code   RO         3214    i.mc_sleep_awake    FS_LFN_CM3_L.lib(fs_mc_mci.o)
    0x08038ff6   0x08038ff6   0x00000030   Code   RO         3215    i.mc_stop_transmission  FS_LFN_CM3_L.lib(fs_mc_mci.o)
    0x08039026   0x08039026   0x00000038   Code   RO         3216    i.mc_switch         FS_LFN_CM3_L.lib(fs_mc_mci.o)
    0x0803905e   0x0803905e   0x00000072   Code   RO         3217    i.mc_switch_func    FS_LFN_CM3_L.lib(fs_mc_mci.o)
    0x080390d0   0x080390d0   0x00000030   Code   RO         3218    i.mc_wfe            FS_LFN_CM3_L.lib(fs_mc_mci.o)
    0x08039100   0x08039100   0x0000000a   Code   RO         3219    i.mci_bus_speed     FS_LFN_CM3_L.lib(fs_mc_mci.o)
    0x0803910a   0x0803910a   0x00000016   Code   RO         3220    i.mci_bus_speed_mode  FS_LFN_CM3_L.lib(fs_mc_mci.o)
    0x08039120   0x08039120   0x00000016   Code   RO         3221    i.mci_bus_width     FS_LFN_CM3_L.lib(fs_mc_mci.o)
    0x08039136   0x08039136   0x0000003e   Code   RO         3222    i.mci_card_power    FS_LFN_CM3_L.lib(fs_mc_mci.o)
    0x08039174   0x08039174   0x00000016   Code   RO         3223    i.mci_cmd_bus_mode  FS_LFN_CM3_L.lib(fs_mc_mci.o)
    0x0803918a   0x0803918a   0x0000001e   Code   RO         3224    i.mci_data_timeout  FS_LFN_CM3_L.lib(fs_mc_mci.o)
    0x080391a8   0x080391a8   0x00000016   Code   RO         3225    i.mci_idle_clock    FS_LFN_CM3_L.lib(fs_mc_mci.o)
    0x080391be   0x080391be   0x00000002   PAD
    0x080391c0   0x080391c0   0x0000000c   Code   RO         4532    i.mem_lock          Net4_CM3_L.lib(net_mem.o)
    0x080391cc   0x080391cc   0x0000000c   Code   RO         4533    i.mem_unlock        Net4_CM3_L.lib(net_mem.o)
    0x080391d8   0x080391d8   0x000000b0   Code   RO         4301    i.name_analyse      FS_LFN_CM3_L.lib(fs_fat.o)
    0x08039288   0x08039288   0x000000b4   Code   RO         4302    i.name_basis_gen    FS_LFN_CM3_L.lib(fs_fat.o)
    0x0803933c   0x0803933c   0x00000008   Code   RO         4303    i.name_hash         FS_LFN_CM3_L.lib(fs_fat.o)
    0x08039344   0x08039344   0x00000128   Code   RO         4304    i.name_nt_gen       FS_LFN_CM3_L.lib(fs_fat.o)
    0x0803946c   0x0803946c   0x00000052   Code   RO         4305    i.name_strip        FS_LFN_CM3_L.lib(fs_fat.o)
    0x080394be   0x080394be   0x0000001e   Code   RO         4306    i.name_validate     FS_LFN_CM3_L.lib(fs_fat.o)
    0x080394dc   0x080394dc   0x00000160   Code   RO         3624    i.nbns_listener     Net4_CM3_L.lib(net_nbns_client.o)
    0x0803963c   0x0803963c   0x00000058   Code   RO         3691    i.netCore_Thread    Net4_CM3_L.lib(net_sys.o)
    0x08039694   0x08039694   0x00000002   Code   RO         3596    i.netDHCP_Notify    Net4_CM3_L.lib(net_dhcp_client.o)
    0x08039696   0x08039696   0x00000002   Code   RO         3297    i.netETH_Notify     Net4_CM3_L.lib(net_eth.o)
    0x08039698   0x08039698   0x00000002   Code   RO         3298    i.netETH_ReceiveRaw  Net4_CM3_L.lib(net_eth.o)
    0x0803969a   0x0803969a   0x00000002   PAD
    0x0803969c   0x0803969c   0x0000003c   Code   RO         3300    i.netETH_Thread     Net4_CM3_L.lib(net_eth.o)
    0x080396d8   0x080396d8   0x00000010   Code   RO         4579    i.netIP_aton        Net4_CM3_L.lib(net_addr.o)
    0x080396e8   0x080396e8   0x00000078   Code   RO         3695    i.netInitialize     Net4_CM3_L.lib(net_sys.o)
    0x08039760   0x08039760   0x0000007c   Code   RO         4581    i.netMAC_aton       Net4_CM3_L.lib(net_addr.o)
    0x080397dc   0x080397dc   0x00000068   Code   RO         4583    i.net_addr4_aton    Net4_CM3_L.lib(net_addr.o)
    0x08039844   0x08039844   0x0000001a   Code   RO         4584    i.net_addr4_is_subnet  Net4_CM3_L.lib(net_addr.o)
    0x0803985e   0x0803985e   0x0000001e   Code   RO         4586    i.net_addr_comp     Net4_CM3_L.lib(net_addr.o)
    0x0803987c   0x0803987c   0x00000014   Code   RO         4587    i.net_addr_copy     Net4_CM3_L.lib(net_addr.o)
    0x08039890   0x08039890   0x00000014   Code   RO         4588    i.net_addr_get_lhost  Net4_CM3_L.lib(net_addr.o)
    0x080398a4   0x080398a4   0x0000000e   Code   RO         4589    i.net_addr_get_local  Net4_CM3_L.lib(net_addr.o)
    0x080398b2   0x080398b2   0x00000014   Code   RO         4590    i.net_addr_is_unspec  Net4_CM3_L.lib(net_addr.o)
    0x080398c6   0x080398c6   0x00000002   PAD
    0x080398c8   0x080398c8   0x000000ac   Code   RO         4445    i.net_arp_cache_add  Net4_CM3_L.lib(net_arp.o)
    0x08039974   0x08039974   0x00000094   Code   RO         4446    i.net_arp_cache_early  Net4_CM3_L.lib(net_arp.o)
    0x08039a08   0x08039a08   0x00000088   Code   RO         4447    i.net_arp_cache_find  Net4_CM3_L.lib(net_arp.o)
    0x08039a90   0x08039a90   0x0000006c   Code   RO         4448    i.net_arp_enqueue   Net4_CM3_L.lib(net_arp.o)
    0x08039afc   0x08039afc   0x00000034   Code   RO         4450    i.net_arp_init      Net4_CM3_L.lib(net_arp.o)
    0x08039b30   0x08039b30   0x00000030   Code   RO         4451    i.net_arp_notify    Net4_CM3_L.lib(net_arp.o)
    0x08039b60   0x08039b60   0x00000014   Code   RO         4452    i.net_arp_probe     Net4_CM3_L.lib(net_arp.o)
    0x08039b74   0x08039b74   0x00000164   Code   RO         4453    i.net_arp_process   Net4_CM3_L.lib(net_arp.o)
    0x08039cd8   0x08039cd8   0x000000fc   Code   RO         4454    i.net_arp_run       Net4_CM3_L.lib(net_arp.o)
    0x08039dd4   0x08039dd4   0x00000002   Code   RO         3538    i.net_bsd_notify    Net4_CM3_L.lib(net_bsd.o)
    0x08039dd6   0x08039dd6   0x00000002   PAD
    0x08039dd8   0x08039dd8   0x00000014   Code   RO         3539    i.net_bsd_socket_init  Net4_CM3_L.lib(net_bsd.o)
    0x08039dec   0x08039dec   0x0000007c   Code   RO         3540    i.net_bsd_socket_run  Net4_CM3_L.lib(net_bsd.o)
    0x08039e68   0x08039e68   0x00000018   Code   RO         4554    i.net_crc32_buf     Net4_CM3_L.lib(net_common.o)
    0x08039e80   0x08039e80   0x0000003c   Code   RO         3598    i.net_dhcp_client_init  Net4_CM3_L.lib(net_dhcp_client.o)
    0x08039ebc   0x08039ebc   0x0000020c   Code   RO         3599    i.net_dhcp_client_run  Net4_CM3_L.lib(net_dhcp_client.o)
    0x0803a0c8   0x0803a0c8   0x00000040   Code   RO         3642    i.net_dns_client_init  Net4_CM3_L.lib(net_dns_client.o)
    0x0803a108   0x0803a108   0x000001b4   Code   RO         3643    i.net_dns_client_resolve  Net4_CM3_L.lib(net_dns_client.o)
    0x0803a2bc   0x0803a2bc   0x000000c8   Code   RO         3644    i.net_dns_client_run  Net4_CM3_L.lib(net_dns_client.o)
    0x0803a384   0x0803a384   0x000001b4   Code   RO         3303    i.net_eth_iface_init  Net4_CM3_L.lib(net_eth.o)
    0x0803a538   0x0803a538   0x00000158   Code   RO         3304    i.net_eth_iface_run  Net4_CM3_L.lib(net_eth.o)
    0x0803a690   0x0803a690   0x00000020   Code   RO         3305    i.net_eth_is_my_addr  Net4_CM3_L.lib(net_eth.o)
    0x0803a6b0   0x0803a6b0   0x0000003c   Code   RO         3306    i.net_eth_output    Net4_CM3_L.lib(net_eth.o)
    0x0803a6ec   0x0803a6ec   0x000000b8   Code   RO         3307    i.net_eth_send_frame  Net4_CM3_L.lib(net_eth.o)
    0x0803a7a4   0x0803a7a4   0x000000b4   Code   RO         3309    i.net_eth_update_filter  Net4_CM3_L.lib(net_eth.o)
    0x0803a858   0x0803a858   0x000000f4   Code   RO         4522    i.net_icmp_process  Net4_CM3_L.lib(net_icmp.o)
    0x0803a94c   0x0803a94c   0x00000080   Code   RO         4523    i.net_icmp_send_echo  Net4_CM3_L.lib(net_icmp.o)
    0x0803a9cc   0x0803a9cc   0x0000004c   Code   RO         4489    i.net_ip4_checksum  Net4_CM3_L.lib(net_ip4.o)
    0x0803aa18   0x0803aa18   0x000000ec   Code   RO         4490    i.net_ip4_chk_frame  Net4_CM3_L.lib(net_ip4.o)
    0x0803ab04   0x0803ab04   0x00000032   Code   RO         4491    i.net_ip4_chksum_buf  Net4_CM3_L.lib(net_ip4.o)
    0x0803ab36   0x0803ab36   0x00000002   PAD
    0x0803ab38   0x0803ab38   0x00000024   Code   RO         4492    i.net_ip4_def_localm  Net4_CM3_L.lib(net_ip4.o)
    0x0803ab5c   0x0803ab5c   0x00000044   Code   RO         4493    i.net_ip4_get_local  Net4_CM3_L.lib(net_ip4.o)
    0x0803aba0   0x0803aba0   0x00000044   Code   RO         4494    i.net_ip4_init      Net4_CM3_L.lib(net_ip4.o)
    0x0803abe4   0x0803abe4   0x0000002c   Code   RO         4495    i.net_ip4_is_subcast  Net4_CM3_L.lib(net_ip4.o)
    0x0803ac10   0x0803ac10   0x00000010   Code   RO         4496    i.net_ip4_reass_frame  Net4_CM3_L.lib(net_ip4.o)
    0x0803ac20   0x0803ac20   0x00000140   Code   RO         4497    i.net_ip4_send_frame  Net4_CM3_L.lib(net_ip4.o)
    0x0803ad60   0x0803ad60   0x00000058   Code   RO         4499    i.net_ip4_tx_offload  Net4_CM3_L.lib(net_ip4.o)
    0x0803adb8   0x0803adb8   0x0000001c   Code   RO         3339    i.net_loop_iface_init  Net4_CM3_L.lib(net_loop.o)
    0x0803add4   0x0803add4   0x00000068   Code   RO         3340    i.net_loop_iface_run  Net4_CM3_L.lib(net_loop.o)
    0x0803ae3c   0x0803ae3c   0x00000048   Code   RO         3341    i.net_loop_send_frame  Net4_CM3_L.lib(net_loop.o)
    0x0803ae84   0x0803ae84   0x0000008c   Code   RO         4534    i.net_mem_alloc     Net4_CM3_L.lib(net_mem.o)
    0x0803af10   0x0803af10   0x0000001c   Code   RO         4535    i.net_mem_avail     Net4_CM3_L.lib(net_mem.o)
    0x0803af2c   0x0803af2c   0x0000006c   Code   RO         4536    i.net_mem_free      Net4_CM3_L.lib(net_mem.o)
    0x0803af98   0x0803af98   0x00000060   Code   RO         4537    i.net_mem_init      Net4_CM3_L.lib(net_mem.o)
    0x0803aff8   0x0803aff8   0x00000038   Code   RO         4538    i.net_mem_shrink    Net4_CM3_L.lib(net_mem.o)
    0x0803b030   0x0803b030   0x0000002c   Code   RO         3625    i.net_nbns_client_init  Net4_CM3_L.lib(net_nbns_client.o)
    0x0803b05c   0x0803b05c   0x00000010   Code   RO         3675    i.net_ping_client_init  Net4_CM3_L.lib(net_ping.o)
    0x0803b06c   0x0803b06c   0x00000040   Code   RO         3676    i.net_ping_client_run  Net4_CM3_L.lib(net_ping.o)
    0x0803b0ac   0x0803b0ac   0x0000001c   Code   RO         3699    i.net_rand32        Net4_CM3_L.lib(net_sys.o)
    0x0803b0c8   0x0803b0c8   0x00000016   Code   RO         4556    i.net_strchr        Net4_CM3_L.lib(net_common.o)
    0x0803b0de   0x0803b0de   0x0000001a   Code   RO         4557    i.net_strcmp        Net4_CM3_L.lib(net_common.o)
    0x0803b0f8   0x0803b0f8   0x00000012   Code   RO         4558    i.net_strcpy        Net4_CM3_L.lib(net_common.o)
    0x0803b10a   0x0803b10a   0x00000002   PAD
    0x0803b10c   0x0803b10c   0x0000001a   Code   RO         4559    i.net_strcrc        Net4_CM3_L.lib(net_common.o)
    0x0803b126   0x0803b126   0x00000020   Code   RO         4561    i.net_strtoupper    Net4_CM3_L.lib(net_common.o)
    0x0803b146   0x0803b146   0x00000002   PAD
    0x0803b148   0x0803b148   0x0000000c   Code   RO         3700    i.net_sys_lock      Net4_CM3_L.lib(net_sys.o)
    0x0803b154   0x0803b154   0x00000018   Code   RO         3701    i.net_sys_resume    Net4_CM3_L.lib(net_sys.o)
    0x0803b16c   0x0803b16c   0x0000002c   Code   RO         3702    i.net_sys_suspend   Net4_CM3_L.lib(net_sys.o)
    0x0803b198   0x0803b198   0x00000014   Code   RO         3703    i.net_sys_tick      Net4_CM3_L.lib(net_sys.o)
    0x0803b1ac   0x0803b1ac   0x0000000c   Code   RO         3704    i.net_sys_unlock    Net4_CM3_L.lib(net_sys.o)
    0x0803b1b8   0x0803b1b8   0x00000020   Code   RO         3705    i.net_sys_wakeup    Net4_CM3_L.lib(net_sys.o)
    0x0803b1d8   0x0803b1d8   0x0000005c   Code   RO         3417    i.net_tcp_abort     Net4_CM3_L.lib(net_tcp.o)
    0x0803b234   0x0803b234   0x00000044   Code   RO         3418    i.net_tcp_alloc_port  Net4_CM3_L.lib(net_tcp.o)
    0x0803b278   0x0803b278   0x00000040   Code   RO         3419    i.net_tcp_check_send  Net4_CM3_L.lib(net_tcp.o)
    0x0803b2b8   0x0803b2b8   0x000000a4   Code   RO         3420    i.net_tcp_close     Net4_CM3_L.lib(net_tcp.o)
    0x0803b35c   0x0803b35c   0x000000c4   Code   RO         3421    i.net_tcp_connect   Net4_CM3_L.lib(net_tcp.o)
    0x0803b420   0x0803b420   0x00000044   Code   RO         3422    i.net_tcp_ctrl_opt  Net4_CM3_L.lib(net_tcp.o)
    0x0803b464   0x0803b464   0x0000001e   Code   RO         3424    i.net_tcp_get_buf   Net4_CM3_L.lib(net_tcp.o)
    0x0803b482   0x0803b482   0x00000002   PAD
    0x0803b484   0x0803b484   0x00000028   Code   RO         3426    i.net_tcp_get_mss   Net4_CM3_L.lib(net_tcp.o)
    0x0803b4ac   0x0803b4ac   0x00000048   Code   RO         3428    i.net_tcp_get_socket  Net4_CM3_L.lib(net_tcp.o)
    0x0803b4f4   0x0803b4f4   0x0000002c   Code   RO         3429    i.net_tcp_get_state  Net4_CM3_L.lib(net_tcp.o)
    0x0803b520   0x0803b520   0x00000074   Code   RO         3431    i.net_tcp_listen    Net4_CM3_L.lib(net_tcp.o)
    0x0803b594   0x0803b594   0x000004c0   Code   RO         3433    i.net_tcp_process   Net4_CM3_L.lib(net_tcp.o)
    0x0803ba54   0x0803ba54   0x00000040   Code   RO         3434    i.net_tcp_release_socket  Net4_CM3_L.lib(net_tcp.o)
    0x0803ba94   0x0803ba94   0x00000054   Code   RO         3436    i.net_tcp_reset_window  Net4_CM3_L.lib(net_tcp.o)
    0x0803bae8   0x0803bae8   0x000000e4   Code   RO         3437    i.net_tcp_send      Net4_CM3_L.lib(net_tcp.o)
    0x0803bbcc   0x0803bbcc   0x00000014   Code   RO         3440    i.net_tcp_socket_init  Net4_CM3_L.lib(net_tcp.o)
    0x0803bbe0   0x0803bbe0   0x000002bc   Code   RO         3441    i.net_tcp_socket_run  Net4_CM3_L.lib(net_tcp.o)
    0x0803be9c   0x0803be9c   0x0000002c   Code   RO         3360    i.net_udp_close     Net4_CM3_L.lib(net_udp.o)
    0x0803bec8   0x0803bec8   0x0000001e   Code   RO         3362    i.net_udp_get_buf   Net4_CM3_L.lib(net_udp.o)
    0x0803bee6   0x0803bee6   0x00000002   PAD
    0x0803bee8   0x0803bee8   0x0000004c   Code   RO         3364    i.net_udp_get_socket  Net4_CM3_L.lib(net_udp.o)
    0x0803bf34   0x0803bf34   0x0000006c   Code   RO         3366    i.net_udp_open      Net4_CM3_L.lib(net_udp.o)
    0x0803bfa0   0x0803bfa0   0x000000bc   Code   RO         3367    i.net_udp_process   Net4_CM3_L.lib(net_udp.o)
    0x0803c05c   0x0803c05c   0x0000003c   Code   RO         3368    i.net_udp_release_socket  Net4_CM3_L.lib(net_udp.o)
    0x0803c098   0x0803c098   0x00000134   Code   RO         3369    i.net_udp_send      Net4_CM3_L.lib(net_udp.o)
    0x0803c1cc   0x0803c1cc   0x00000014   Code   RO         3371    i.net_udp_socket_init  Net4_CM3_L.lib(net_udp.o)
    0x0803c1e0   0x0803c1e0   0x00000018   Code   RO         2406    i.osDelay           RTX_CM3.lib(rt_cmsis.o)
    0x0803c1f8   0x0803c1f8   0x00000024   Code   RO         2407    i.osKernelInitialize  RTX_CM3.lib(rt_cmsis.o)
    0x0803c21c   0x0803c21c   0x0000006c   Code   RO         2409    i.osKernelStart     RTX_CM3.lib(rt_cmsis.o)
    0x0803c288   0x0803c288   0x00000018   Code   RO         2410    i.osKernelSysTick   RTX_CM3.lib(rt_cmsis.o)
    0x0803c2a0   0x0803c2a0   0x0000002c   Code   RO         2420    i.osMutexCreate     RTX_CM3.lib(rt_cmsis.o)
    0x0803c2cc   0x0803c2cc   0x00000018   Code   RO         2421    i.osMutexDelete     RTX_CM3.lib(rt_cmsis.o)
    0x0803c2e4   0x0803c2e4   0x00000018   Code   RO         2422    i.osMutexRelease    RTX_CM3.lib(rt_cmsis.o)
    0x0803c2fc   0x0803c2fc   0x00000018   Code   RO         2423    i.osMutexWait       RTX_CM3.lib(rt_cmsis.o)
    0x0803c314   0x0803c314   0x0000002c   Code   RO         2428    i.osSemaphoreCreate  RTX_CM3.lib(rt_cmsis.o)
    0x0803c340   0x0803c340   0x00000018   Code   RO         2430    i.osSemaphoreRelease  RTX_CM3.lib(rt_cmsis.o)
    0x0803c358   0x0803c358   0x00000018   Code   RO         2431    i.osSemaphoreWait   RTX_CM3.lib(rt_cmsis.o)
    0x0803c370   0x0803c370   0x00000018   Code   RO         2432    i.osSignalClear     RTX_CM3.lib(rt_cmsis.o)
    0x0803c388   0x0803c388   0x00000018   Code   RO         2433    i.osSignalSet       RTX_CM3.lib(rt_cmsis.o)
    0x0803c3a0   0x0803c3a0   0x00000018   Code   RO         2434    i.osSignalWait      RTX_CM3.lib(rt_cmsis.o)
    0x0803c3b8   0x0803c3b8   0x0000002c   Code   RO         2435    i.osThreadCreate    RTX_CM3.lib(rt_cmsis.o)
    0x0803c3e4   0x0803c3e4   0x00000018   Code   RO         2436    i.osThreadExit      RTX_CM3.lib(rt_cmsis.o)
    0x0803c3fc   0x0803c3fc   0x00000018   Code   RO         2437    i.osThreadGetId     RTX_CM3.lib(rt_cmsis.o)
    0x0803c414   0x0803c414   0x00000018   Code   RO         2440    i.osThreadTerminate  RTX_CM3.lib(rt_cmsis.o)
    0x0803c42c   0x0803c42c   0x00000018   Code   RO         2441    i.osThreadYield     RTX_CM3.lib(rt_cmsis.o)
    0x0803c444   0x0803c444   0x0000002c   Code   RO         2443    i.osTimerCreate     RTX_CM3.lib(rt_cmsis.o)
    0x0803c470   0x0803c470   0x00000018   Code   RO         2445    i.osTimerStart      RTX_CM3.lib(rt_cmsis.o)
    0x0803c488   0x0803c488   0x0000022e   Code   RO         4307    i.path_create       FS_LFN_CM3_L.lib(fs_fat.o)
    0x0803c6b6   0x0803c6b6   0x00000002   PAD
    0x0803c6b8   0x0803c6b8   0x00000032   Code   RO         4308    i.path_init         FS_LFN_CM3_L.lib(fs_fat.o)
    0x0803c6ea   0x0803c6ea   0x000000a6   Code   RO         4309    i.path_open         FS_LFN_CM3_L.lib(fs_fat.o)
    0x0803c790   0x0803c790   0x00000046   Code   RO         4310    i.path_validate     FS_LFN_CM3_L.lib(fs_fat.o)
    0x0803c7d6   0x0803c7d6   0x00000002   PAD
    0x0803c7d8   0x0803c7d8   0x00000010   Code   RO         3677    i.ping_send_req     Net4_CM3_L.lib(net_ping.o)
    0x0803c7e8   0x0803c7e8   0x000009d8   Code   RO         4922    i.pow               m_ws.l(pow.o)
    0x0803d1c0   0x0803d1c0   0x00000094   Code   RO         3600    i.proc_opt_renew    Net4_CM3_L.lib(net_dhcp_client.o)
    0x0803d254   0x0803d254   0x000000f0   Code   RO         3601    i.proc_opt_req      Net4_CM3_L.lib(net_dhcp_client.o)
    0x0803d344   0x0803d344   0x00000030   Code   RO         3602    i.proc_opt_sel      Net4_CM3_L.lib(net_dhcp_client.o)
    0x0803d374   0x0803d374   0x00000018   Code   RO         3541    i.que_add_buf       Net4_CM3_L.lib(net_bsd.o)
    0x0803d38c   0x0803d38c   0x0000001a   Code   RO         3542    i.que_free_list     Net4_CM3_L.lib(net_bsd.o)
    0x0803d3a6   0x0803d3a6   0x0000007a   Code   RO         4311    i.read_cache        FS_LFN_CM3_L.lib(fs_fat.o)
    0x0803d420   0x0803d420   0x00000052   Code   RO         4312    i.read_sector       FS_LFN_CM3_L.lib(fs_fat.o)
    0x0803d472   0x0803d472   0x0000000e   Code   RO         3543    i.recv              Net4_CM3_L.lib(net_bsd.o)
    0x0803d480   0x0803d480   0x00000180   Code   RO         3544    i.recvfrom          Net4_CM3_L.lib(net_bsd.o)
    0x0803d600   0x0803d600   0x0000001a   Code   RO         4087    i.rt_alloc_box      RTX_CM3.lib(rt_membox.o)
    0x0803d61a   0x0803d61a   0x0000003e   Code   RO         4115    i.rt_alloc_mem      RTX_CM3.lib(rt_memory.o)
    0x0803d658   0x0803d658   0x00000038   Code   RO         3021    i.rt_block          RTX_CM3.lib(rt_task.o)
    0x0803d690   0x0803d690   0x00000048   Code   RO         4064    i.rt_chk_robin      RTX_CM3.lib(rt_robin.o)
    0x0803d6d8   0x0803d6d8   0x00000070   Code   RO         3865    i.rt_dec_dly        RTX_CM3.lib(rt_list.o)
    0x0803d748   0x0803d748   0x00000044   Code   RO         3022    i.rt_dispatch       RTX_CM3.lib(rt_task.o)
    0x0803d78c   0x0803d78c   0x00000006   Code   RO         4031    i.rt_dly_wait       RTX_CM3.lib(rt_time.o)
    0x0803d792   0x0803d792   0x00000002   PAD
    0x0803d794   0x0803d794   0x0000001c   Code   RO         3824    i.rt_evt_clr        RTX_CM3.lib(rt_event.o)
    0x0803d7b0   0x0803d7b0   0x00000050   Code   RO         3826    i.rt_evt_psh        RTX_CM3.lib(rt_event.o)
    0x0803d800   0x0803d800   0x0000005c   Code   RO         3827    i.rt_evt_set        RTX_CM3.lib(rt_event.o)
    0x0803d85c   0x0803d85c   0x0000003c   Code   RO         3828    i.rt_evt_wait       RTX_CM3.lib(rt_event.o)
    0x0803d898   0x0803d898   0x0000002c   Code   RO         4088    i.rt_free_box       RTX_CM3.lib(rt_membox.o)
    0x0803d8c4   0x0803d8c4   0x00000028   Code   RO         4116    i.rt_free_mem       RTX_CM3.lib(rt_memory.o)
    0x0803d8ec   0x0803d8ec   0x00000028   Code   RO         3866    i.rt_get_first      RTX_CM3.lib(rt_list.o)
    0x0803d914   0x0803d914   0x00000024   Code   RO         3867    i.rt_get_same_rdy_prio  RTX_CM3.lib(rt_list.o)
    0x0803d938   0x0803d938   0x00000008   Code   RO         2452    i.rt_id2obj         RTX_CM3.lib(rt_cmsis.o)
    0x0803d940   0x0803d940   0x00000048   Code   RO         3023    i.rt_init_context   RTX_CM3.lib(rt_task.o)
    0x0803d988   0x0803d988   0x0000001a   Code   RO         4117    i.rt_init_mem       RTX_CM3.lib(rt_memory.o)
    0x0803d9a2   0x0803d9a2   0x00000002   PAD
    0x0803d9a4   0x0803d9a4   0x00000018   Code   RO         4065    i.rt_init_robin     RTX_CM3.lib(rt_robin.o)
    0x0803d9bc   0x0803d9bc   0x00000080   Code   RO         4142    i.rt_init_stack     RTX_CM3.lib(hal_cm.o)
    0x0803da3c   0x0803da3c   0x00000008   Code   RO         3943    i.rt_mbx_check      RTX_CM3.lib(rt_mailbox.o)
    0x0803da44   0x0803da44   0x0000001a   Code   RO         3944    i.rt_mbx_init       RTX_CM3.lib(rt_mailbox.o)
    0x0803da5e   0x0803da5e   0x00000002   PAD
    0x0803da60   0x0803da60   0x000000f0   Code   RO         3945    i.rt_mbx_psh        RTX_CM3.lib(rt_mailbox.o)
    0x0803db50   0x0803db50   0x00000044   Code   RO         2453    i.rt_ms2tick        RTX_CM3.lib(rt_cmsis.o)
    0x0803db94   0x0803db94   0x000000b0   Code   RO         3105    i.rt_mut_delete     RTX_CM3.lib(rt_mutex.o)
    0x0803dc44   0x0803dc44   0x00000010   Code   RO         3106    i.rt_mut_init       RTX_CM3.lib(rt_mutex.o)
    0x0803dc54   0x0803dc54   0x000000d8   Code   RO         3107    i.rt_mut_release    RTX_CM3.lib(rt_mutex.o)
    0x0803dd2c   0x0803dd2c   0x00000078   Code   RO         3108    i.rt_mut_wait       RTX_CM3.lib(rt_mutex.o)
    0x0803dda4   0x0803dda4   0x0000007c   Code   RO         3737    i.rt_pop_req        RTX_CM3.lib(rt_system.o)
    0x0803de20   0x0803de20   0x00000020   Code   RO         3738    i.rt_psh_req        RTX_CM3.lib(rt_system.o)
    0x0803de40   0x0803de40   0x0000005c   Code   RO         3868    i.rt_psq_enq        RTX_CM3.lib(rt_list.o)
    0x0803de9c   0x0803de9c   0x00000048   Code   RO         3869    i.rt_put_dly        RTX_CM3.lib(rt_list.o)
    0x0803dee4   0x0803dee4   0x00000036   Code   RO         3870    i.rt_put_prio       RTX_CM3.lib(rt_list.o)
    0x0803df1a   0x0803df1a   0x00000002   PAD
    0x0803df1c   0x0803df1c   0x00000014   Code   RO         3871    i.rt_put_rdy_first  RTX_CM3.lib(rt_list.o)
    0x0803df30   0x0803df30   0x00000034   Code   RO         3872    i.rt_resort_prio    RTX_CM3.lib(rt_list.o)
    0x0803df64   0x0803df64   0x00000006   Code   RO         4143    i.rt_ret_val        RTX_CM3.lib(hal_cm.o)
    0x0803df6a   0x0803df6a   0x00000008   Code   RO         4144    i.rt_ret_val2       RTX_CM3.lib(hal_cm.o)
    0x0803df72   0x0803df72   0x00000028   Code   RO         3873    i.rt_rmv_dly        RTX_CM3.lib(rt_list.o)
    0x0803df9a   0x0803df9a   0x00000002   PAD
    0x0803df9c   0x0803df9c   0x00000030   Code   RO         3874    i.rt_rmv_list       RTX_CM3.lib(rt_list.o)
    0x0803dfcc   0x0803dfcc   0x0000000c   Code   RO         3991    i.rt_sem_init       RTX_CM3.lib(rt_semaphore.o)
    0x0803dfd8   0x0803dfd8   0x00000034   Code   RO         3992    i.rt_sem_psh        RTX_CM3.lib(rt_semaphore.o)
    0x0803e00c   0x0803e00c   0x0000002a   Code   RO         3993    i.rt_sem_send       RTX_CM3.lib(rt_semaphore.o)
    0x0803e036   0x0803e036   0x00000002   PAD
    0x0803e038   0x0803e038   0x00000040   Code   RO         3994    i.rt_sem_wait       RTX_CM3.lib(rt_semaphore.o)
    0x0803e078   0x0803e078   0x00000024   Code   RO         3740    i.rt_stk_check      RTX_CM3.lib(rt_system.o)
    0x0803e09c   0x0803e09c   0x00000028   Code   RO         3024    i.rt_switch_req     RTX_CM3.lib(rt_task.o)
    0x0803e0c4   0x0803e0c4   0x000000cc   Code   RO         3025    i.rt_sys_init       RTX_CM3.lib(rt_task.o)
    0x0803e190   0x0803e190   0x00000078   Code   RO         3026    i.rt_sys_start      RTX_CM3.lib(rt_task.o)
    0x0803e208   0x0803e208   0x00000040   Code   RO         3742    i.rt_systick        RTX_CM3.lib(rt_system.o)
    0x0803e248   0x0803e248   0x00000012   Code   RO         2454    i.rt_tid2ptcb       RTX_CM3.lib(rt_cmsis.o)
    0x0803e25a   0x0803e25a   0x00000002   PAD
    0x0803e25c   0x0803e25c   0x00000034   Code   RO         2455    i.rt_timer_insert   RTX_CM3.lib(rt_cmsis.o)
    0x0803e290   0x0803e290   0x0000003c   Code   RO         2456    i.rt_timer_remove   RTX_CM3.lib(rt_cmsis.o)
    0x0803e2cc   0x0803e2cc   0x00000088   Code   RO         3027    i.rt_tsk_create     RTX_CM3.lib(rt_task.o)
    0x0803e354   0x0803e354   0x0000017c   Code   RO         3028    i.rt_tsk_delete     RTX_CM3.lib(rt_task.o)
    0x0803e4d0   0x0803e4d0   0x00000030   Code   RO         3029    i.rt_tsk_pass       RTX_CM3.lib(rt_task.o)
    0x0803e500   0x0803e500   0x0000007c   Code   RO         3030    i.rt_tsk_prio       RTX_CM3.lib(rt_task.o)
    0x0803e57c   0x0803e57c   0x00000010   Code   RO         3031    i.rt_tsk_self       RTX_CM3.lib(rt_task.o)
    0x0803e58c   0x0803e58c   0x0000000e   Code   RO         3545    i.send              Net4_CM3_L.lib(net_bsd.o)
    0x0803e59a   0x0803e59a   0x00000002   PAD
    0x0803e59c   0x0803e59c   0x000001a0   Code   RO         3546    i.sendto            Net4_CM3_L.lib(net_bsd.o)
    0x0803e73c   0x0803e73c   0x00000022   Code   RO         3547    i.set_sock_type     Net4_CM3_L.lib(net_bsd.o)
    0x0803e75e   0x0803e75e   0x00000008   Code   RO         4204    i.set_u16           FS_LFN_CM3_L.lib(fs_common.o)
    0x0803e766   0x0803e766   0x00000010   Code   RO         4205    i.set_u32           FS_LFN_CM3_L.lib(fs_common.o)
    0x0803e776   0x0803e776   0x00000048   Code   RO         4313    i.sfn_extract       FS_LFN_CM3_L.lib(fs_fat.o)
    0x0803e7be   0x0803e7be   0x0000001a   Code   RO         4314    i.short_ent_hash    FS_LFN_CM3_L.lib(fs_fat.o)
    0x0803e7d8   0x0803e7d8   0x0000001e   Code   RO         4315    i.sn_chksum         FS_LFN_CM3_L.lib(fs_fat.o)
    0x0803e7f6   0x0803e7f6   0x00000002   PAD
    0x0803e7f8   0x0803e7f8   0x000000a0   Code   RO         3549    i.socket            Net4_CM3_L.lib(net_bsd.o)
    0x0803e898   0x0803e898   0x0000004c   Code   RO         5110    i.sqrt              m_ws.l(sqrt.o)
    0x0803e8e4   0x0803e8e4   0x00000012   Code   RO         2457    i.svcDelay          RTX_CM3.lib(rt_cmsis.o)
    0x0803e8f6   0x0803e8f6   0x00000002   PAD
    0x0803e8f8   0x0803e8f8   0x00000070   Code   RO         2458    i.svcKernelInitialize  RTX_CM3.lib(rt_cmsis.o)
    0x0803e968   0x0803e968   0x00000048   Code   RO         2460    i.svcKernelStart    RTX_CM3.lib(rt_cmsis.o)
    0x0803e9b0   0x0803e9b0   0x00000038   Code   RO         2461    i.svcKernelSysTick  RTX_CM3.lib(rt_cmsis.o)
    0x0803e9e8   0x0803e9e8   0x00000024   Code   RO         2463    i.svcMessageCreate  RTX_CM3.lib(rt_cmsis.o)
    0x0803ea0c   0x0803ea0c   0x0000001c   Code   RO         2466    i.svcMutexCreate    RTX_CM3.lib(rt_cmsis.o)
    0x0803ea28   0x0803ea28   0x0000001a   Code   RO         2467    i.svcMutexDelete    RTX_CM3.lib(rt_cmsis.o)
    0x0803ea42   0x0803ea42   0x00000022   Code   RO         2468    i.svcMutexRelease   RTX_CM3.lib(rt_cmsis.o)
    0x0803ea64   0x0803ea64   0x0000003a   Code   RO         2469    i.svcMutexWait      RTX_CM3.lib(rt_cmsis.o)
    0x0803ea9e   0x0803ea9e   0x00000024   Code   RO         2471    i.svcSemaphoreCreate  RTX_CM3.lib(rt_cmsis.o)
    0x0803eac2   0x0803eac2   0x00000028   Code   RO         2473    i.svcSemaphoreRelease  RTX_CM3.lib(rt_cmsis.o)
    0x0803eaea   0x0803eaea   0x00000032   Code   RO         2474    i.svcSemaphoreWait  RTX_CM3.lib(rt_cmsis.o)
    0x0803eb1c   0x0803eb1c   0x00000024   Code   RO         2475    i.svcSignalClear    RTX_CM3.lib(rt_cmsis.o)
    0x0803eb40   0x0803eb40   0x00000024   Code   RO         2476    i.svcSignalSet      RTX_CM3.lib(rt_cmsis.o)
    0x0803eb64   0x0803eb64   0x00000054   Code   RO         2477    i.svcSignalWait     RTX_CM3.lib(rt_cmsis.o)
    0x0803ebb8   0x0803ebb8   0x0000006c   Code   RO         2478    i.svcThreadCreate   RTX_CM3.lib(rt_cmsis.o)
    0x0803ec24   0x0803ec24   0x0000001c   Code   RO         2479    i.svcThreadGetId    RTX_CM3.lib(rt_cmsis.o)
    0x0803ec40   0x0803ec40   0x00000038   Code   RO         2482    i.svcThreadTerminate  RTX_CM3.lib(rt_cmsis.o)
    0x0803ec78   0x0803ec78   0x0000000a   Code   RO         2483    i.svcThreadYield    RTX_CM3.lib(rt_cmsis.o)
    0x0803ec82   0x0803ec82   0x00000002   PAD
    0x0803ec84   0x0803ec84   0x00000038   Code   RO         2485    i.svcTimerCreate    RTX_CM3.lib(rt_cmsis.o)
    0x0803ecbc   0x0803ecbc   0x00000064   Code   RO         2487    i.svcTimerStart     RTX_CM3.lib(rt_cmsis.o)
    0x0803ed20   0x0803ed20   0x0000005c   Code   RO         2493    i.sysTimerTick      RTX_CM3.lib(rt_cmsis.o)
    0x0803ed7c   0x0803ed7c   0x0000004c   Code   RO         3706    i.sys_proc_tick     Net4_CM3_L.lib(net_sys.o)
    0x0803edc8   0x0803edc8   0x00000094   Code   RO         3442    i.tcp_map_socket    Net4_CM3_L.lib(net_tcp.o)
    0x0803ee5c   0x0803ee5c   0x0000005e   Code   RO         3443    i.tcp_parse_opt     Net4_CM3_L.lib(net_tcp.o)
    0x0803eeba   0x0803eeba   0x00000002   PAD
    0x0803eebc   0x0803eebc   0x000000c4   Code   RO         3444    i.tcp_proc_acknr    Net4_CM3_L.lib(net_tcp.o)
    0x0803ef80   0x0803ef80   0x00000052   Code   RO         3445    i.tcp_proc_dupack   Net4_CM3_L.lib(net_tcp.o)
    0x0803efd2   0x0803efd2   0x0000001a   Code   RO         3446    i.tcp_que_free      Net4_CM3_L.lib(net_tcp.o)
    0x0803efec   0x0803efec   0x0000001a   Code   RO         3447    i.tcp_que_init      Net4_CM3_L.lib(net_tcp.o)
    0x0803f006   0x0803f006   0x00000002   PAD
    0x0803f008   0x0803f008   0x00000094   Code   RO         3448    i.tcp_que_resend    Net4_CM3_L.lib(net_tcp.o)
    0x0803f09c   0x0803f09c   0x00000076   Code   RO         3449    i.tcp_send_ctrl     Net4_CM3_L.lib(net_tcp.o)
    0x0803f112   0x0803f112   0x0000005c   Code   RO         3450    i.tcp_send_data     Net4_CM3_L.lib(net_tcp.o)
    0x0803f16e   0x0803f16e   0x0000006a   Code   RO         3451    i.tcp_send_reset    Net4_CM3_L.lib(net_tcp.o)
    0x0803f1d8   0x0803f1d8   0x00000026   Code   RO         3452    i.tcp_set_cwnd      Net4_CM3_L.lib(net_tcp.o)
    0x0803f1fe   0x0803f1fe   0x00000002   PAD
    0x0803f200   0x0803f200   0x00000068   Code   RO         3453    i.tcp_transit       Net4_CM3_L.lib(net_tcp.o)
    0x0803f268   0x0803f268   0x000000b4   Code   RO         3454    i.tcp_write         Net4_CM3_L.lib(net_tcp.o)
    0x0803f31c   0x0803f31c   0x0000002c   Code   RO         3372    i.udp_port_in_use   Net4_CM3_L.lib(net_udp.o)
    0x0803f348   0x0803f348   0x00000068   Code   RO         4317    i.unlink_clus       FS_LFN_CM3_L.lib(fs_fat.o)
    0x0803f3b0   0x0803f3b0   0x000000ae   Code   RO         4318    i.write_cache       FS_LFN_CM3_L.lib(fs_fat.o)
    0x0803f45e   0x0803f45e   0x00000030   Code   RO         4319    i.write_sector      FS_LFN_CM3_L.lib(fs_fat.o)
    0x0803f48e   0x0803f48e   0x00000002   PAD
    0x0803f490   0x0803f490   0x0000002c   Code   RO         5028    locale$$code        c_w.l(lc_ctype_c.o)
    0x0803f4bc   0x0803f4bc   0x0000002c   Code   RO         5197    locale$$code        c_w.l(lc_numeric_c.o)
    0x0803f4e8   0x0803f4e8   0x00000150   Code   RO         4881    x$fpl$dadd          fz_ws.l(daddsub_clz.o)
    0x0803f638   0x0803f638   0x00000010   Code   RO         5079    x$fpl$dcheck1       fz_ws.l(dcheck1.o)
    0x0803f648   0x0803f648   0x00000018   Code   RO         5081    x$fpl$dcmpinf       fz_ws.l(dcmpi.o)
    0x0803f660   0x0803f660   0x000002b0   Code   RO         4888    x$fpl$ddiv          fz_ws.l(ddiv.o)
    0x0803f910   0x0803f910   0x00000078   Code   RO         5083    x$fpl$deqf          fz_ws.l(deqf.o)
    0x0803f988   0x0803f988   0x0000005a   Code   RO         4891    x$fpl$dfixu         fz_ws.l(dfixu.o)
    0x0803f9e2   0x0803f9e2   0x0000002e   Code   RO         4896    x$fpl$dflt          fz_ws.l(dflt_clz.o)
    0x0803fa10   0x0803fa10   0x00000026   Code   RO         4895    x$fpl$dfltu         fz_ws.l(dflt_clz.o)
    0x0803fa36   0x0803fa36   0x00000002   PAD
    0x0803fa38   0x0803fa38   0x00000078   Code   RO         4901    x$fpl$dleqf         fz_ws.l(dleqf.o)
    0x0803fab0   0x0803fab0   0x00000154   Code   RO         4903    x$fpl$dmul          fz_ws.l(dmul.o)
    0x0803fc04   0x0803fc04   0x0000009c   Code   RO         5085    x$fpl$dnaninf       fz_ws.l(dnaninf.o)
    0x0803fca0   0x0803fca0   0x0000000c   Code   RO         5087    x$fpl$dretinf       fz_ws.l(dretinf.o)
    0x0803fcac   0x0803fcac   0x0000006c   Code   RO         4905    x$fpl$drleqf        fz_ws.l(drleqf.o)
    0x0803fd18   0x0803fd18   0x00000016   Code   RO         4882    x$fpl$drsb          fz_ws.l(daddsub_clz.o)
    0x0803fd2e   0x0803fd2e   0x00000002   PAD
    0x0803fd30   0x0803fd30   0x000001cc   Code   RO         5232    x$fpl$dsqrt         fz_ws.l(dsqrt_noumaal.o)
    0x0803fefc   0x0803fefc   0x000001d4   Code   RO         4883    x$fpl$dsub          fz_ws.l(daddsub_clz.o)
    0x080400d0   0x080400d0   0x00000004   Code   RO         4907    x$fpl$printf1       fz_ws.l(printf1.o)
    0x080400d4   0x080400d4   0x00000064   Code   RO         5238    x$fpl$retnan        fz_ws.l(retnan.o)
    0x08040138   0x08040138   0x0000005c   Code   RO         4909    x$fpl$scalbn        fz_ws.l(scalbn.o)
    0x08040194   0x08040194   0x00000030   Code   RO         5296    x$fpl$trapveneer    fz_ws.l(trapv.o)
    0x080401c4   0x080401c4   0x00000000   Code   RO         5089    x$fpl$usenofp       fz_ws.l(usenofp.o)
    0x080401c4   0x080401c4   0x00000024   Data   RO          190    .constdata          shell.o
    0x080401e8   0x080401e8   0x00000002   Data   RO          334    .constdata          rtx_conf_cm.o
    0x080401ea   0x080401ea   0x00000002   PAD
    0x080401ec   0x080401ec   0x00000004   Data   RO          335    .constdata          rtx_conf_cm.o
    0x080401f0   0x080401f0   0x00000004   Data   RO          336    .constdata          rtx_conf_cm.o
    0x080401f4   0x080401f4   0x00000002   Data   RO          338    .constdata          rtx_conf_cm.o
    0x080401f6   0x080401f6   0x00000002   Data   RO          339    .constdata          rtx_conf_cm.o
    0x080401f8   0x080401f8   0x00000004   Data   RO          340    .constdata          rtx_conf_cm.o
    0x080401fc   0x080401fc   0x00000001   Data   RO          341    .constdata          rtx_conf_cm.o
    0x080401fd   0x080401fd   0x00000003   PAD
    0x08040200   0x08040200   0x00000010   Data   RO          342    .constdata          rtx_conf_cm.o
    0x08040210   0x08040210   0x00000002   Data   RO          343    .constdata          rtx_conf_cm.o
    0x08040212   0x08040212   0x00000002   PAD
    0x08040214   0x08040214   0x00000004   Data   RO          344    .constdata          rtx_conf_cm.o
    0x08040218   0x08040218   0x00000004   Data   RO          345    .constdata          rtx_conf_cm.o
    0x0804021c   0x0804021c   0x00000001   Data   RO          346    .constdata          rtx_conf_cm.o
    0x0804021d   0x0804021d   0x00000003   PAD
    0x08040220   0x08040220   0x00000010   Data   RO          347    .constdata          rtx_conf_cm.o
    0x08040230   0x08040230   0x00000008   Data   RO          348    .constdata          rtx_conf_cm.o
    0x08040238   0x08040238   0x00000002   Data   RO          349    .constdata          rtx_conf_cm.o
    0x0804023a   0x0804023a   0x00000002   PAD
    0x0804023c   0x0804023c   0x00000010   Data   RO          350    .constdata          rtx_conf_cm.o
    0x0804024c   0x0804024c   0x00000004   Data   RO          382    .constdata          phy_st802rt1.o
    0x08040250   0x08040250   0x00000020   Data   RO          383    .constdata          phy_st802rt1.o
    0x08040270   0x08040270   0x00000090   Data   RO          413    .constdata          emac_stm32f2xx.o
    0x08040300   0x08040300   0x00000044   Data   RO          414    .constdata          emac_stm32f2xx.o
    0x08040344   0x08040344   0x00000008   Data   RO          468    .constdata          mci_stm32f2xx.o
    0x0804034c   0x0804034c   0x00000034   Data   RO          469    .constdata          mci_stm32f2xx.o
    0x08040380   0x08040380   0x00000007   Data   RO          499    .constdata          retarget_io.o
    0x08040387   0x08040387   0x00000008   Data   RO          500    .constdata          retarget_io.o
    0x0804038f   0x0804038f   0x00000008   Data   RO          501    .constdata          retarget_io.o
    0x08040397   0x08040397   0x00000008   Data   RO          603    .constdata          stm32f2xx_hal_dma.o
    0x0804039f   0x0804039f   0x00000010   Data   RO          804    .constdata          system_stm32f2xx.o
    0x080403af   0x080403af   0x00000008   Data   RO          805    .constdata          system_stm32f2xx.o
    0x080403b7   0x080403b7   0x00000001   Data   RO          838    .constdata          fs_config.o
    0x080403b8   0x080403b8   0x00000001   Data   RO          839    .constdata          fs_config.o
    0x080403b9   0x080403b9   0x00000001   Data   RO          840    .constdata          fs_config.o
    0x080403ba   0x080403ba   0x00000002   PAD
    0x080403bc   0x080403bc   0x0000001c   Data   RO          841    .constdata          fs_config.o
    0x080403d8   0x080403d8   0x00000008   Data   RO          842    .constdata          fs_config.o
    0x080403e0   0x080403e0   0x00000034   Data   RO          887    .constdata          net_config.o
    0x08040414   0x08040414   0x00000014   Data   RO          888    .constdata          net_config.o
    0x08040428   0x08040428   0x00000034   Data   RO          891    .constdata          net_config.o
    0x0804045c   0x0804045c   0x00000018   Data   RO          892    .constdata          net_config.o
    0x08040474   0x08040474   0x0000000c   Data   RO          893    .constdata          net_config.o
    0x08040480   0x08040480   0x00000008   Data   RO          895    .constdata          net_config.o
    0x08040488   0x08040488   0x00000014   Data   RO          896    .constdata          net_config.o
    0x0804049c   0x0804049c   0x00000008   Data   RO          897    .constdata          net_config.o
    0x080404a4   0x080404a4   0x00000008   Data   RO          898    .constdata          net_config.o
    0x080404ac   0x080404ac   0x00000050   Data   RO          899    .constdata          net_config.o
    0x080404fc   0x080404fc   0x00000044   Data   RO          955    .constdata          client.o
    0x08040540   0x08040540   0x00000004   Data   RO         1000    .constdata          echoclient.o
    0x08040544   0x08040544   0x00000004   Data   RO         1093    .constdata          echoserver.o
    0x08040548   0x08040548   0x000000c5   Data   RO         1135    .constdata          server.o
    0x0804060d   0x0804060d   0x00000003   PAD
    0x08040610   0x08040610   0x00000088   Data   RO         1186    .constdata          internal.o
    0x08040698   0x08040698   0x00000004   Data   RO         1255    .constdata          ssl.o
    0x0804069c   0x0804069c   0x00000040   Data   RO         1278    .constdata          tls.o
    0x080406dc   0x080406dc   0x000005eb   Data   RO         1335    .constdata          benchmark.o
    0x08040cc7   0x08040cc7   0x000000fe   Data   RO         1449    .constdata          asn.o
    0x08040dc5   0x08040dc5   0x00000003   PAD
    0x08040dc8   0x08040dc8   0x00000004   Data   RO         1450    .constdata          asn.o
    0x08040dcc   0x08040dcc   0x00000004   Data   RO         1451    .constdata          asn.o
    0x08040dd0   0x08040dd0   0x00000004   Data   RO         1452    .constdata          asn.o
    0x08040dd4   0x08040dd4   0x00000004   Data   RO         1453    .constdata          asn.o
    0x08040dd8   0x08040dd8   0x00000004   Data   RO         1454    .constdata          asn.o
    0x08040ddc   0x08040ddc   0x00000004   Data   RO         1455    .constdata          asn.o
    0x08040de0   0x08040de0   0x00000004   Data   RO         1456    .constdata          asn.o
    0x08040de4   0x08040de4   0x00000004   Data   RO         1457    .constdata          asn.o
    0x08040de8   0x08040de8   0x00000004   Data   RO         1458    .constdata          asn.o
    0x08040dec   0x08040dec   0x00000004   Data   RO         1459    .constdata          asn.o
    0x08040df0   0x08040df0   0x00000004   Data   RO         1460    .constdata          asn.o
    0x08040df4   0x08040df4   0x00000004   Data   RO         1461    .constdata          asn.o
    0x08040df8   0x08040df8   0x00000004   Data   RO         1462    .constdata          asn.o
    0x08040dfc   0x08040dfc   0x00000004   Data   RO         1463    .constdata          asn.o
    0x08040e00   0x08040e00   0x00000004   Data   RO         1464    .constdata          asn.o
    0x08040e04   0x08040e04   0x00000004   Data   RO         1465    .constdata          asn.o
    0x08040e08   0x08040e08   0x00000004   Data   RO         1466    .constdata          asn.o
    0x08040e0c   0x08040e0c   0x00000004   Data   RO         1467    .constdata          asn.o
    0x08040e10   0x08040e10   0x00000004   Data   RO         1468    .constdata          asn.o
    0x08040e14   0x08040e14   0x00000004   Data   RO         1469    .constdata          asn.o
    0x08040e18   0x08040e18   0x00001000   Data   RO         1531    .constdata          camellia.o
    0x08041e18   0x08041e18   0x00000020   Data   RO         1552    .constdata          chacha.o
    0x08041e38   0x08041e38   0x00000090   Data   RO         1599    .constdata          coding.o
    0x08041ec8   0x08041ec8   0x00000005   Data   RO         1676    .constdata          ecc.o
    0x08041ecd   0x08041ecd   0x00000005   Data   RO         1677    .constdata          ecc.o
    0x08041ed2   0x08041ed2   0x00000005   Data   RO         1678    .constdata          ecc.o
    0x08041ed7   0x08041ed7   0x00000008   Data   RO         1679    .constdata          ecc.o
    0x08041edf   0x08041edf   0x00000005   Data   RO         1680    .constdata          ecc.o
    0x08041ee4   0x08041ee4   0x00000008   Data   RO         1681    .constdata          ecc.o
    0x08041eec   0x08041eec   0x00000008   Data   RO         1682    .constdata          ecc.o
    0x08041ef4   0x08041ef4   0x00000005   Data   RO         1683    .constdata          ecc.o
    0x08041ef9   0x08041ef9   0x00000005   Data   RO         1684    .constdata          ecc.o
    0x08041efe   0x08041efe   0x00000002   PAD
    0x08041f00   0x08041f00   0x00000208   Data   RO         1685    .constdata          ecc.o
    0x08042108   0x08042108   0x00000040   Data   RO         1811    .constdata          integer.o
    0x08042148   0x08042148   0x00000100   Data   RO         1844    .constdata          md2.o
    0x08042248   0x08042248   0x00000180   Data   RO         2091    .constdata          random.o
    0x080423c8   0x080423c8   0x00000100   Data   RO         2160    .constdata          sha256.o
    0x080424c8   0x080424c8   0x00000004   Data   RO         2254    .constdata          wc_port.o
    0x080424cc   0x080424cc   0x00000004   Data   RO         2255    .constdata          wc_port.o
    0x080424d0   0x080424d0   0x00000004   Data   RO         2256    .constdata          wc_port.o
    0x080424d4   0x080424d4   0x00000004   Data   RO         2257    .constdata          wc_port.o
    0x080424d8   0x080424d8   0x00000004   Data   RO         2258    .constdata          wc_port.o
    0x080424dc   0x080424dc   0x00000004   Data   RO         2259    .constdata          wc_port.o
    0x080424e0   0x080424e0   0x00000004   Data   RO         2260    .constdata          wc_port.o
    0x080424e4   0x080424e4   0x00000004   Data   RO         2261    .constdata          wc_port.o
    0x080424e8   0x080424e8   0x00000004   Data   RO         2262    .constdata          wc_port.o
    0x080424ec   0x080424ec   0x00000004   Data   RO         2263    .constdata          wc_port.o
    0x080424f0   0x080424f0   0x00000060   Data   RO         2264    .constdata          wc_port.o
    0x08042550   0x08042550   0x00000008   Data   RO         2286    .constdata          wolfmath.o
    0x08042558   0x08042558   0x000004f5   Data   RO         2305    .constdata          test.o
    0x08042a4d   0x08042a4d   0x00000020   Data   RO         2306    .constdata          test.o
    0x08042a6d   0x08042a6d   0x00000020   Data   RO         2307    .constdata          test.o
    0x08042a8d   0x08042a8d   0x00000020   Data   RO         2308    .constdata          test.o
    0x08042aad   0x08042aad   0x00000010   Data   RO         2309    .constdata          test.o
    0x08042abd   0x08042abd   0x00000008   Data   RO         2310    .constdata          test.o
    0x08042ac5   0x08042ac5   0x00000008   Data   RO         2311    .constdata          test.o
    0x08042acd   0x08042acd   0x00000008   Data   RO         2312    .constdata          test.o
    0x08042ad5   0x08042ad5   0x00000008   Data   RO         2313    .constdata          test.o
    0x08042add   0x08042add   0x00000022   Data   RO         2314    .constdata          test.o
    0x08042aff   0x08042aff   0x0000000c   Data   RO         2315    .constdata          test.o
    0x08042b0b   0x08042b0b   0x00000020   Data   RO         2316    .constdata          test.o
    0x08042b2b   0x08042b2b   0x00000010   Data   RO         2317    .constdata          test.o
    0x08042b3b   0x08042b3b   0x0000009a   Data   RO         2318    .constdata          test.o
    0x08042bd5   0x08042bd5   0x00000010   Data   RO         2319    .constdata          test.o
    0x08042be5   0x08042be5   0x00000010   Data   RO         2320    .constdata          test.o
    0x08042bf5   0x08042bf5   0x00000010   Data   RO         2321    .constdata          test.o
    0x08042c05   0x08042c05   0x00000010   Data   RO         2322    .constdata          test.o
    0x08042c15   0x08042c15   0x00000010   Data   RO         2323    .constdata          test.o
    0x08042c25   0x08042c25   0x00000010   Data   RO         2324    .constdata          test.o
    0x08042c35   0x08042c35   0x00000020   Data   RO         2325    .constdata          test.o
    0x08042c55   0x08042c55   0x00000020   Data   RO         2326    .constdata          test.o
    0x08042c75   0x08042c75   0x00000020   Data   RO         2327    .constdata          test.o
    0x08042c95   0x08042c95   0x00000010   Data   RO         2328    .constdata          test.o
    0x08042ca5   0x08042ca5   0x00000010   Data   RO         2329    .constdata          test.o
    0x08042cb5   0x08042cb5   0x00000018   Data   RO         2330    .constdata          test.o
    0x08042ccd   0x08042ccd   0x00000010   Data   RO         2331    .constdata          test.o
    0x08042cdd   0x08042cdd   0x00000020   Data   RO         2332    .constdata          test.o
    0x08042cfd   0x08042cfd   0x00000010   Data   RO         2333    .constdata          test.o
    0x08042d0d   0x08042d0d   0x00000010   Data   RO         2334    .constdata          test.o
    0x08042d1d   0x08042d1d   0x00000010   Data   RO         2335    .constdata          test.o
    0x08042d2d   0x08042d2d   0x00000010   Data   RO         2336    .constdata          test.o
    0x08042d3d   0x08042d3d   0x00000018   Data   RO         2337    .constdata          test.o
    0x08042d55   0x08042d55   0x00000010   Data   RO         2338    .constdata          test.o
    0x08042d65   0x08042d65   0x00000020   Data   RO         2339    .constdata          test.o
    0x08042d85   0x08042d85   0x00000010   Data   RO         2340    .constdata          test.o
    0x08042d95   0x08042d95   0x00000010   Data   RO         3226    .constdata          FS_LFN_CM3_L.lib(fs_mc_mci.o)
    0x08042da5   0x08042da5   0x00000006   Data   RO         3311    .constdata          Net4_CM3_L.lib(net_eth.o)
    0x08042dab   0x08042dab   0x00000008   Data   RO         3626    .constdata          Net4_CM3_L.lib(net_nbns_client.o)
    0x08042db3   0x08042db3   0x00000012   Data   RO         3679    .constdata          Net4_CM3_L.lib(net_ping.o)
    0x08042dc5   0x08042dc5   0x00000003   PAD
    0x08042dc8   0x08042dc8   0x000004ac   Data   RO         4320    .constdata          FS_LFN_CM3_L.lib(fs_fat.o)
    0x08043274   0x08043274   0x00000008   Data   RO         4500    .constdata          Net4_CM3_L.lib(net_ip4.o)
    0x0804327c   0x0804327c   0x00000010   Data   RO         4594    .constdata          Net4_CM3_L.lib(net_addr.o)
    0x0804328c   0x0804328c   0x00000011   Data   RO         4789    .constdata          c_w.l(__printf_flags_wp.o)
    0x0804329d   0x0804329d   0x00000003   PAD
    0x080432a0   0x080432a0   0x00000038   Data   RO         4913    .constdata          m_ws.l(log.o)
    0x080432d8   0x080432d8   0x00000088   Data   RO         4923    .constdata          m_ws.l(pow.o)
    0x08043360   0x08043360   0x00000008   Data   RO         5108    .constdata          m_ws.l(qnan.o)
    0x08043368   0x08043368   0x00000094   Data   RO         5164    .constdata          c_w.l(bigflt0.o)
    0x080433fc   0x080433fc   0x00000277   Data   RO          191    .conststring        shell.o
    0x08043673   0x08043673   0x00000001   PAD
    0x08043674   0x08043674   0x00000008   Data   RO          900    .conststring        net_config.o
    0x0804367c   0x0804367c   0x0000004d   Data   RO          901    .conststring        net_config.o
    0x080436c9   0x080436c9   0x00000003   PAD
    0x080436cc   0x080436cc   0x00000012   Data   RO          902    .conststring        net_config.o
    0x080436de   0x080436de   0x00000002   PAD
    0x080436e0   0x080436e0   0x000002b4   Data   RO          956    .conststring        client.o
    0x08043994   0x08043994   0x0000013d   Data   RO         1136    .conststring        server.o
    0x08043ad1   0x08043ad1   0x00000003   PAD
    0x08043ad4   0x08043ad4   0x00000182   Data   RO         1187    .conststring        internal.o
    0x08043c56   0x08043c56   0x00000002   PAD
    0x08043c58   0x08043c58   0x00000028   Data   RO         1256    .conststring        ssl.o
    0x08043c80   0x08043c80   0x00000045   Data   RO         1336    .conststring        benchmark.o
    0x08043cc5   0x08043cc5   0x00000003   PAD
    0x08043cc8   0x08043cc8   0x0000001c   Data   RO         1470    .conststring        asn.o
    0x08043ce4   0x08043ce4   0x0000001a   Data   RO         1471    .conststring        asn.o
    0x08043cfe   0x08043cfe   0x00000002   PAD
    0x08043d00   0x08043d00   0x0000001e   Data   RO         1472    .conststring        asn.o
    0x08043d1e   0x08043d1e   0x00000002   PAD
    0x08043d20   0x08043d20   0x0000001c   Data   RO         1473    .conststring        asn.o
    0x08043d3c   0x08043d3c   0x0000001f   Data   RO         1474    .conststring        asn.o
    0x08043d5b   0x08043d5b   0x00000001   PAD
    0x08043d5c   0x08043d5c   0x0000001d   Data   RO         1475    .conststring        asn.o
    0x08043d79   0x08043d79   0x00000003   PAD
    0x08043d7c   0x08043d7c   0x00000019   Data   RO         1476    .conststring        asn.o
    0x08043d95   0x08043d95   0x00000003   PAD
    0x08043d98   0x08043d98   0x00000017   Data   RO         1477    .conststring        asn.o
    0x08043daf   0x08043daf   0x00000001   PAD
    0x08043db0   0x08043db0   0x00000020   Data   RO         1478    .conststring        asn.o
    0x08043dd0   0x08043dd0   0x0000001e   Data   RO         1479    .conststring        asn.o
    0x08043dee   0x08043dee   0x00000002   PAD
    0x08043df0   0x08043df0   0x0000001c   Data   RO         1480    .conststring        asn.o
    0x08043e0c   0x08043e0c   0x0000001a   Data   RO         1481    .conststring        asn.o
    0x08043e26   0x08043e26   0x00000002   PAD
    0x08043e28   0x08043e28   0x00000026   Data   RO         1482    .conststring        asn.o
    0x08043e4e   0x08043e4e   0x00000002   PAD
    0x08043e50   0x08043e50   0x00000024   Data   RO         1483    .conststring        asn.o
    0x08043e74   0x08043e74   0x0000001f   Data   RO         1484    .conststring        asn.o
    0x08043e93   0x08043e93   0x00000001   PAD
    0x08043e94   0x08043e94   0x0000001d   Data   RO         1485    .conststring        asn.o
    0x08043eb1   0x08043eb1   0x00000003   PAD
    0x08043eb4   0x08043eb4   0x00000020   Data   RO         1486    .conststring        asn.o
    0x08043ed4   0x08043ed4   0x0000001e   Data   RO         1487    .conststring        asn.o
    0x08043ef2   0x08043ef2   0x00000002   PAD
    0x08043ef4   0x08043ef4   0x0000001b   Data   RO         1488    .conststring        asn.o
    0x08043f0f   0x08043f0f   0x00000001   PAD
    0x08043f10   0x08043f10   0x00000019   Data   RO         1489    .conststring        asn.o
    0x08043f29   0x08043f29   0x00000003   PAD
    0x08043f2c   0x08043f2c   0x00000e2c   Data   RO         1686    .conststring        ecc.o
    0x08044d58   0x08044d58   0x0000005a   Data   RO         1812    .conststring        integer.o
    0x08044db2   0x08044db2   0x00000002   PAD
    0x08044db4   0x08044db4   0x00000b51   Data   RO         2341    .conststring        test.o
    0x08045905   0x08045905   0x00000003   PAD
    0x08045908   0x08045908   0x0000001d   Data   RO         2342    .conststrlit        test.o
    0x08045925   0x08045925   0x00000003   PAD
    0x08045928   0x08045928   0x00000020   Data   RO         5324    Region$$Table       anon$$obj.o
    0x08045948   0x08045948   0x00000110   Data   RO         5027    locale$$data        c_w.l(lc_ctype_c.o)
    0x08045a58   0x08045a58   0x0000001c   Data   RO         5196    locale$$data        c_w.l(lc_numeric_c.o)


    Execution Region RW_IRAM1 (Exec base: 0x20000000, Load base: 0x08045a74, Size: 0x0000fb00, Max: 0x00020000, ABSOLUTE, COMPRESSED[0x000001a4])

    Exec Addr    Load Addr    Size         Type   Attr      Idx    E Section Name        Object

    0x20000000   COMPRESSED   0x00000004   Data   RW            5    .data               main.o
    0x20000004   COMPRESSED   0x00000004   Data   RW            6    .data               main.o
    0x20000008   COMPRESSED   0x00000168   Data   RW          192    .data               shell.o
    0x20000170   COMPRESSED   0x00000004   Data   RW          352    .data               rtx_conf_cm.o
    0x20000174   COMPRESSED   0x00000008   Data   RW          353    .data               rtx_conf_cm.o
    0x2000017c   COMPRESSED   0x00000004   Data   RW          354    .data               rtx_conf_cm.o
    0x20000180   COMPRESSED   0x00000004   Data   RW          355    .data               rtx_conf_cm.o
    0x20000184   COMPRESSED   0x00000004   Data   RW          356    .data               rtx_conf_cm.o
    0x20000188   COMPRESSED   0x00000004   Data   RW          502    .data               retarget_io.o
    0x2000018c   COMPRESSED   0x00000004   Data   RW          544    .data               stm32f2xx_hal.o
    0x20000190   COMPRESSED   0x00000004   Data   RW          806    .data               system_stm32f2xx.o
    0x20000194   COMPRESSED   0x00000004   Data   RW          843    .data               fs_config.o
    0x20000198   COMPRESSED   0x00000008   Data   RW          903    .data               net_config.o
    0x200001a0   COMPRESSED   0x00000006   Data   RW          904    .data               net_config.o
    0x200001a6   COMPRESSED   0x00000002   PAD
    0x200001a8   COMPRESSED   0x00000020   Data   RW          957    .data               client.o
    0x200001c8   COMPRESSED   0x00000004   Data   RW         1002    .data               echoclient.o
    0x200001cc   COMPRESSED   0x00000004   Data   RW         1095    .data               echoserver.o
    0x200001d0   COMPRESSED   0x0000000c   Data   RW         1137    .data               server.o
    0x200001dc   COMPRESSED   0x0000000c   Data   RW         1257    .data               ssl.o
    0x200001e8   COMPRESSED   0x00000040   Data   RW         1337    .data               benchmark.o
    0x20000228   COMPRESSED   0x00000042   Data   RW         1490    .data               asn.o
    0x2000026a   COMPRESSED   0x00000002   PAD
    0x2000026c   COMPRESSED   0x00000004   Data   RW         1813    .data               integer.o
    0x20000270   COMPRESSED   0x0000000c   Data   RW         1883    .data               memory.o
    0x2000027c   COMPRESSED   0x0000002c   Data   RW         2265    .data               wc_port.o
    0x200002a8   COMPRESSED   0x00000024   Data   RW         2343    .data               test.o
    0x200002cc   COMPRESSED   0x00000008   Data   RW         2496    .data               RTX_CM3.lib(rt_cmsis.o)
    0x200002d4   COMPRESSED   0x00000008   Data   RW         3033    .data               RTX_CM3.lib(rt_task.o)
    0x200002dc   COMPRESSED   0x00000001   Data   RW         3162    .data               FS_LFN_CM3_L.lib(fs_mapi.o)
    0x200002dd   COMPRESSED   0x00000003   PAD
    0x200002e0   COMPRESSED   0x00000008   Data   RW         3342    .data               Net4_CM3_L.lib(net_loop.o)
    0x200002e8   COMPRESSED   0x0000000a   Data   RW         3373    .data               Net4_CM3_L.lib(net_udp.o)
    0x200002f2   COMPRESSED   0x00000004   Data   RW         3457    .data               Net4_CM3_L.lib(net_tcp.o)
    0x200002f6   COMPRESSED   0x00000008   Data   RW         3550    .data               Net4_CM3_L.lib(net_bsd.o)
    0x200002fe   COMPRESSED   0x00000001   Data   RW         3627    .data               Net4_CM3_L.lib(net_nbns_client.o)
    0x200002ff   COMPRESSED   0x00000001   PAD
    0x20000300   COMPRESSED   0x00000008   Data   RW         3708    .data               Net4_CM3_L.lib(net_sys.o)
    0x20000308   COMPRESSED   0x00000008   Data   RW         3745    .data               RTX_CM3.lib(rt_system.o)
    0x20000310   COMPRESSED   0x00000004   Data   RW         4035    .data               RTX_CM3.lib(rt_time.o)
    0x20000314   COMPRESSED   0x00000008   Data   RW         4066    .data               RTX_CM3.lib(rt_robin.o)
    0x2000031c   COMPRESSED   0x00000001   Data   RW         4145    .data               RTX_CM3.lib(hal_cm.o)
    0x2000031d   COMPRESSED   0x00000001   Data   RW         4206    .data               FS_LFN_CM3_L.lib(fs_common.o)
    0x2000031e   COMPRESSED   0x00000002   Data   RW         4456    .data               Net4_CM3_L.lib(net_arp.o)
    0x20000320   COMPRESSED   0x00000008   Data   RW         4501    .data               Net4_CM3_L.lib(net_ip4.o)
    0x20000328   COMPRESSED   0x00000004   Data   RW         4832    .data               c_w.l(stdio_streams.o)
    0x2000032c   COMPRESSED   0x00000004   Data   RW         4833    .data               c_w.l(stdio_streams.o)
    0x20000330   COMPRESSED   0x00000004   Data   RW         4834    .data               c_w.l(stdio_streams.o)
    0x20000334   COMPRESSED   0x00000004   Data   RW         5014    .data               c_w.l(streamlock.o)
    0x20000338        -       0x0000008c   Zero   RW          189    .bss                shell.o
    0x200003c4        -       0x00000010   Zero   RW          328    .bss                rtx_conf_cm.o
    0x200003d4        -       0x00000074   Zero   RW          329    .bss                rtx_conf_cm.o
    0x20000448        -       0x00000330   Zero   RW          330    .bss                rtx_conf_cm.o
    0x20000778        -       0x00007d18   Zero   RW          331    .bss                rtx_conf_cm.o
    0x20008490        -       0x00000084   Zero   RW          332    .bss                rtx_conf_cm.o
    0x20008514        -       0x00000140   Zero   RW          333    .bss                rtx_conf_cm.o
    0x20008654        -       0x0000000c   Zero   RW          381    .bss                phy_st802rt1.o
    0x20008660        -       0x000024cc   Zero   RW          412    .bss                emac_stm32f2xx.o
    0x2000ab2c        -       0x000000e0   Zero   RW          467    .bss                mci_stm32f2xx.o
    0x2000ac0c        -       0x00000010   Zero   RW          834    .bss                fs_config.o
    0x2000ac1c        -       0x00000090   Zero   RW          835    .bss                fs_config.o
    0x2000acac        -       0x0000001c   Zero   RW          836    .bss                fs_config.o
    0x2000acc8        -       0x000000a8   Zero   RW          837    .bss                fs_config.o
    0x2000ad70        -       0x00000010   Zero   RW          877    .bss                net_config.o
    0x2000ad80        -       0x00000010   Zero   RW          878    .bss                net_config.o
    0x2000ad90        -       0x00000018   Zero   RW          879    .bss                net_config.o
    0x2000ada8        -       0x00002ee0   Zero   RW          880    .bss                net_config.o
    0x2000dc88        -       0x000000c8   Zero   RW          881    .bss                net_config.o
    0x2000dd50        -       0x00000018   Zero   RW          882    .bss                net_config.o
    0x2000dd68        -       0x0000003c   Zero   RW          883    .bss                net_config.o
    0x2000dda4        -       0x0000017c   Zero   RW          884    .bss                net_config.o
    0x2000df20        -       0x00000084   Zero   RW          885    .bss                net_config.o
    0x2000dfa4        -       0x000000f0   Zero   RW          886    .bss                net_config.o
    0x2000e094        -       0x00001028   Zero   RW         1254    .bss                ssl.o
    0x2000f0bc        -       0x00000010   Zero   RW         1334    .bss                benchmark.o
    0x2000f0cc        -       0x00000010   Zero   RW         2243    .bss                wc_port.o
    0x2000f0dc        -       0x00000010   Zero   RW         2244    .bss                wc_port.o
    0x2000f0ec        -       0x00000010   Zero   RW         2245    .bss                wc_port.o
    0x2000f0fc        -       0x00000010   Zero   RW         2246    .bss                wc_port.o
    0x2000f10c        -       0x00000010   Zero   RW         2247    .bss                wc_port.o
    0x2000f11c        -       0x00000010   Zero   RW         2248    .bss                wc_port.o
    0x2000f12c        -       0x00000010   Zero   RW         2249    .bss                wc_port.o
    0x2000f13c        -       0x00000010   Zero   RW         2250    .bss                wc_port.o
    0x2000f14c        -       0x00000010   Zero   RW         2251    .bss                wc_port.o
    0x2000f15c        -       0x00000010   Zero   RW         2252    .bss                wc_port.o
    0x2000f16c        -       0x00000054   Zero   RW         2253    .bss                wc_port.o
    0x2000f1c0        -       0x00000034   Zero   RW         3032    .bss                RTX_CM3.lib(rt_task.o)
    0x2000f1f4        -       0x00000094   Zero   RW         3310    .bss                Net4_CM3_L.lib(net_eth.o)
    0x2000f288        -       0x0000003c   Zero   RW         3603    .bss                Net4_CM3_L.lib(net_dhcp_client.o)
    0x2000f2c4        -       0x00000024   Zero   RW         3645    .bss                Net4_CM3_L.lib(net_dns_client.o)
    0x2000f2e8        -       0x00000024   Zero   RW         3664    .bss                Net4_CM3_L.lib(net_bsd_host.o)
    0x2000f30c        -       0x00000014   Zero   RW         3678    .bss                Net4_CM3_L.lib(net_ping.o)
    0x2000f320        -       0x00000030   Zero   RW         3707    .bss                Net4_CM3_L.lib(net_sys.o)
    0x2000f350        -       0x00000030   Zero   RW         3875    .bss                RTX_CM3.lib(rt_list.o)
    0x2000f380        -       0x00000010   Zero   RW         4455    .bss                Net4_CM3_L.lib(net_arp.o)
    0x2000f390        -       0x00000014   Zero   RW         4539    .bss                Net4_CM3_L.lib(net_mem.o)
    0x2000f3a4        -       0x00000060   Zero   RW         4646    .bss                c_w.l(libspace.o)
    0x2000f404        -       0x00000054   Zero   RW         4829    .bss                c_w.l(stdio_streams.o)
    0x2000f458        -       0x00000054   Zero   RW         4830    .bss                c_w.l(stdio_streams.o)
    0x2000f4ac        -       0x00000054   Zero   RW         4831    .bss                c_w.l(stdio_streams.o)
    0x2000f500        -       0x00000200   Zero   RW          794    HEAP                startup_stm32f207xx.o
    0x2000f700        -       0x00000400   Zero   RW          793    STACK               startup_stm32f207xx.o



  Load Region LR$$.ARM.__AT_0x21000000 (Base: 0x21000000, Size: 0x00000000, Max: 0x00001400, ABSOLUTE)

    Execution Region ER$$.ARM.__AT_0x21000000 (Exec base: 0x21000000, Load base: 0x21000000, Size: 0x00001400, Max: 0x00001400, ABSOLUTE, UNINIT)

    Exec Addr    Load Addr    Size         Type   Attr      Idx    E Section Name        Object

    0x21000000        -       0x00001400   Zero   RW          833    .ARM.__AT_0x21000000  fs_config.o


==============================================================================

Image component sizes


      Code (inc. data)   RO Data    RW Data    ZI Data      Debug   Object Name

       184          0          0          0          0       3195   arc4.o
     15520        128        918         66          0      80240   asn.o
      6136       1110       1584         64         16      25830   benchmark.o
     16348         96       4096          0          0      18005   camellia.o
       952          4         32          0          0      13145   chacha.o
       546          0          0          0          0       6262   chacha20_poly1305.o
      8308       3706        760         32          0      38456   client.o
      1044          6        144          0          0       5566   coding.o
      1060         26          0          0          0       9291   dh.o
      1342          0          0          0          0       6251   dsa.o
      9712         22       4202          0          0      40719   ecc.o
      1424        546          4          4          0      53253   echoclient.o
      1860        832          4          4          0      23569   echoserver.o
      2212        132        212          0       9420      44122   emac_stm32f2xx.o
      6172       5568          0          0          0       4071   error.o
       396         28         39          4       5476      19664   fs_config.o
       436         60          0          0          0       4259   hash.o
      1020          0          0          0          0       7727   hmac.o
     10596         14        154          4          0      46305   integer.o
     37146       7466        522          0          0     141333   internal.o
      1666          8          0          0          0       4536   keys.o
        14          0          0          0          0        810   logging.o
       144         86          0          8          0     640874   main.o
      2612        130         60          0        224      16168   mci_stm32f2xx.o
       352          6        256          0          0       2899   md2.o
      1468         16          0          0          0       3388   md4.o
       148         28          0         12          0       5726   memory.o
       156          4        387         14      13092      25100   net_config.o
       460         10         36          0         12       9490   phy_st802rt1.o
      1400         10          0          0          0       4943   poly1305.o
      1406          0          0          0          0      11097   pwdbased.o
      1118         12          0          0          0       5441   rabbit.o
      1624         10        384          0          0      12557   random.o
       400         36         23          4          0      10234   retarget_io.o
      7860         50          0          0          0       5383   ripemd.o
      3738          0          0          0          0      20582   rsa.o
       180         30         88         24      33424       9337   rtx_conf_cm.o
      5684       2700        514         12          0      60777   server.o
      4952         34          0          0          0      11114   sha.o
      1518         38        256          0          0       8991   sha256.o
      1404        478        667        360        140      79734   shell.o
       648          0          0          0          0       4724   signature.o
     10928        300         44         12       4136      66138   ssl.o
        64         26        388          0       1536        888   startup_stm32f207xx.o
       404         34          0          4          0       4910   stm32f2xx_hal.o
       644          8          0          0          0      32534   stm32f2xx_hal_cortex.o
      1720         26          8          0          0       7593   stm32f2xx_hal_dma.o
       836         50          0          0          0       3803   stm32f2xx_hal_gpio.o
      1936         74          0          0          0       5637   stm32f2xx_hal_rcc.o
       192         32         24          4          0       1861   system_stm32f2xx.o
     19772       4904       5035         36          0      45970   test.o
        48          8          0          0          0        603   time-cortexm3-4.o
      1586          6         64          0          0      61790   tls.o
       508         18        136         44        244       5057   wc_port.o
       216          0          0          0          0       4176   wolfio.o
       146          0          8          0          0       2354   wolfmath.o

    ----------------------------------------------------------------------
    200388      28916      21153        716      67720    1788482   Object Totals
         0          0         32          0          0          0   (incl. Generated)
        22          0         72          4          0          0   (incl. Padding)

    ----------------------------------------------------------------------

      Code (inc. data)   RO Data    RW Data    ZI Data      Debug   Library Member Name

       234         20          0          1          0        420   fs_common.o
      9466        164       1196          0          0       5328   fs_fat.o
       412         48          0          1          0        332   fs_mapi.o
      4142         50         16          0          0       2492   fs_mc_mci.o
       808         62          0          0          0        576   fs_sys.o
        26          0          0          0          0         68   fs_time.o
       374         40         16          0          0        636   net_addr.o
      2194        178          0          2         16       1436   net_arp.o
      3144        130          0          8          0       2264   net_bsd.o
       168         12          0          0         36        148   net_bsd_host.o
       188          6          0          0          0        504   net_common.o
      2290        134          0          0         60        880   net_dhcp_client.o
      1380         66          0          0         36        596   net_dns_client.o
      1734        114          6          0        148       1260   net_eth.o
       372         26          0          0          0        164   net_icmp.o
      1168        100          8          8          0        968   net_ip4.o
       204         24          0          8          0        232   net_loop.o
       452         46          0          0         20        556   net_mem.o
       396         24          8          1          0        176   net_nbns_client.o
        96         18         18          0         20        212   net_ping.o
       464         66          0          8         48        784   net_sys.o
      4624        180          0          4          0       2484   net_tcp.o
       878         52          0         10          0        704   net_udp.o
       238         24          0          1          0       3312   hal_cm.o
       304         36          0          0          0        768   hal_cm3.o
      2178        252          0          8          0      50702   rt_cmsis.o
       300         24          0          0          0       3183   rt_event.o
       566         44          0          0         48       8792   rt_list.o
       288          4          0          0          0       2425   rt_mailbox.o
       140          0          0          0          0       1925   rt_membox.o
       128          0          0          0          0       2307   rt_memory.o
       528         22          0          0          0       2861   rt_mutex.o
        96         22          0          8          0       1158   rt_robin.o
       186         10          0          0          0       2902   rt_semaphore.o
       256         44          0          8          0       2793   rt_system.o
      1264        184          0          8         52      10147   rt_task.o
         6          0          0          4          0        652   rt_time.o
         4          4          0          0          0        208   svc_table.o
        60          8          0          0          0         84   __0sscanf.o
        20          0          0          0          0         84   __2fprintf.o
        24          4          0          0          0         84   __2printf.o
        56          6          0          0          0         88   __2snprintf.o
        90          0          0          0          0          0   __dczerorl2.o
         8          0          0          0          0         68   __main.o
       312          4         17          0          0         92   __printf_flags_wp.o
        14          0          0          0          0         68   __printf_wp.o
         0          0          0          0          0          0   __rtentry.o
        20          0          0          0          0          0   __rtentry2.o
         6          0          0          0          0          0   __rtentry4.o
        52          8          0          0          0          0   __scatter.o
        28          0          0          0          0          0   __scatter_zi.o
        28          0          0          0          0         68   _chval.o
        44          0          0          0          0        108   _printf_char.o
        48          6          0          0          0         96   _printf_char_common.o
        64          6          0          0          0         84   _printf_char_file_locked.o
         6          0          0          0          0          0   _printf_d.o
       120         16          0          0          0         92   _printf_dec.o
         6          0          0          0          0          0   _printf_f.o
      1054          0          0          0          0        216   _printf_fp_dec.o
       128         16          0          0          0         84   _printf_fp_infnan.o
       178          0          0          0          0         88   _printf_intcommon.o
        78          0          0          0          0        108   _printf_pad.o
         0          0          0          0          0          0   _printf_percent.o
         4          0          0          0          0          0   _printf_percent_end.o
         6          0          0          0          0          0   _printf_s.o
        82          0          0          0          0         80   _printf_str.o
        22          0          0          0          0        100   _rserrno.o
       884          6          0          0          0        100   _scanf.o
       332          0          0          0          0         96   _scanf_int.o
        64          0          0          0          0         84   _sgetc.o
        16          0          0          0          0         68   _snputc.o
        10          0          0          0          0         68   _sputc.o
       158          0          0          0          0         92   _strtoul.o
        16          0          0          0          0         68   aeabi_memset.o
        26          0          0          0          0         80   atoi.o
       228          4        148          0          0         96   bigflt0.o
      1936        128          0          0          0        672   btod.o
        32          0          0          0          0         80   clearerr_locked.o
        10          0          0          0          0         68   defsig_exit.o
        50          0          0          0          0         88   defsig_general.o
        80         58          0          0          0         76   defsig_rtmem_inner.o
        14          0          0          0          0         80   defsig_rtmem_outer.o
        52         38          0          0          0         76   defsig_rtred_inner.o
        14          0          0          0          0         80   defsig_rtred_outer.o
        18          0          0          0          0         80   exit.o
        76          0          0          0          0         88   fclose.o
        52          6          0          0          0         80   fclose_locked.o
       144         10          0          0          0        128   fflush_locked.o
        24          0          0          0          0         68   fgetc.o
        32          0          0          0          0         80   fgetc_locked.o
        86          0          0          0          0         84   fgets_locked.o
       570          0          0          0          0        132   filbuf.o
       470          0          0          0          0         88   flsbuf.o
        92          8          0          0          0         88   flushlinebuffered_locked.o
       324          8          0          0          0        152   fopen_locked.o
        26          0          0          0          0         68   fputc.o
        36          0          0          0          0         80   fputc_locked.o
        54          0          0          0          0         80   fputs_locked.o
       306          0          0          0          0         96   freadfast_locked.o
       248          6          0          0          0         84   fseek.o
        44          0          0          0          0         84   fseek_locked.o
        66          0          0          0          0         76   ftell.o
        32          0          0          0          0         80   ftell_locked.o
         4          0          0          0          0         68   getc.o
       158          0          0          0          0        128   h1_alloc_mt.o
        62          0          0          0          0         80   h1_extend_mt.o
       118          0          0          0          0        108   h1_free_mt.o
        18          0          0          0          0         84   h1_init_mt.o
       234          0          0          0          0        112   h1_realloc_mt.o
         6          0          0          0          0        152   heapauxi.o
         4          0          0          0          0        136   hguard.o
         0          0          0          0          0          0   indicate_semi.o
       138          0          0          0          0        168   init_alloc.o
       456         48          0          0          0        116   initio_locked.o
        18          0          0          0          0         76   isspace.o
        44         10        272          0          0         76   lc_ctype_c.o
        44         10         28          0          0         76   lc_numeric_c.o
         2          0          0          0          0          0   libinit.o
        42          0          0          0          0          0   libinit2.o
         2          0          0          0          0          0   libshutdown.o
         6          0          0          0          0          0   libshutdown2.o
         8          4          0          0         96         68   libspace.o
       138          0          0          0          0         80   lludiv10.o
       238          0          0          0          0        100   lludivv7m.o
         0          0          0          0          0          0   maybetermalloc1.o
        88          0          0          0          0         76   memcmp.o
         4          0          0          0          0         68   putc.o
        64          6          0          0          0         80   puts_locked.o
        22          0          0          0          0         80   rewind.o
        16          4          0          0          0         76   rt_ctype_table.o
         4          0          0          0          0         68   rt_errno_addr_twolibspace.o
        10          0          0          0          0         76   rt_heap_descriptor_twolibspace.o
        10          0          0          0          0         76   rt_locale_twolibspace.o
        68          0          0          0          0         68   rt_memclr.o
        78          0          0          0          0         80   rt_memclr_w.o
       138          0          0          0          0         68   rt_memcpy_v6.o
       100          0          0          0          0         80   rt_memcpy_w.o
       132          0          0          0          0         68   rt_memmove_v6.o
       122          0          0          0          0         80   rt_memmove_w.o
         2          0          0          0          0          0   rtexit.o
        10          0          0          0          0          0   rtexit2.o
        44          8          0          0          0         84   scanf_char.o
       104          0          0          0          0         88   setvbuf_locked.o
       240          6          0          0          0        156   stdio.o
         0          0          0         12        252          0   stdio_streams.o
        20          0          0          0          0         68   strchr.o
       128          0          0          0          0         68   strcmpv7m.o
         0          0          0          4          0          0   streamlock.o
        62          0          0          0          0         76   strlen.o
        50          0          0          0          0         84   strncasecmp.o
       150          0          0          0          0         80   strncmp.o
        86          0          0          0          0         76   strncpy.o
        36          0          0          0          0         80   strstr.o
       112          0          0          0          0         88   strtol.o
        12          4          0          0          0         68   sys_exit.o
        74          0          0          0          0         80   sys_stackheap_outer.o
        18          0          0          0          0         76   sys_time.o
        14          0          0          0          0         76   sys_wrch.o
        26          0          0          0          0         76   tolower.o
        30          0          0          0          0         76   toupper.o
         2          0          0          0          0         68   use_no_semi.o
       826         16          0          0          0        348   daddsub_clz.o
        16          4          0          0          0         68   dcheck1.o
        24          0          0          0          0         68   dcmpi.o
       688        140          0          0          0        208   ddiv.o
       120          4          0          0          0         92   deqf.o
        90          4          0          0          0         92   dfixu.o
        84          0          0          0          0        136   dflt_clz.o
       120          4          0          0          0         92   dleqf.o
       340         12          0          0          0        104   dmul.o
       156          4          0          0          0         92   dnaninf.o
        12          0          0          0          0         68   dretinf.o
       108          0          0          0          0         80   drleqf.o
       460         56          0          0          0        120   dsqrt_noumaal.o
         4          0          0          0          0         68   printf1.o
       100          0          0          0          0         68   retnan.o
        92          0          0          0          0         68   scalbn.o
        48          0          0          0          0         68   trapv.o
         0          0          0          0          0          0   usenofp.o
        68         10          0          0          0        408   dunder.o
        40          0          0          0          0         68   fpclassify.o
       860         52         56          0          0        256   log.o
       170          0          0          0          0         96   poly.o
      2520        190        136          0          0        324   pow.o
         0          0          8          0          0          0   qnan.o
        76          0          0          0          0         84   sqrt.o

    ----------------------------------------------------------------------
     61820       3172       1939        108        832     129951   Library Totals
       106          0          6          4          0          0   (incl. Padding)

    ----------------------------------------------------------------------

      Code (inc. data)   RO Data    RW Data    ZI Data      Debug   Library Name

     15088        344       1212          2          0       9216   FS_LFN_CM3_L.lib
     20126       1216         56         49        384      14004   Net4_CM3_L.lib
      6482        670          0         37        100      94135   RTX_CM3.lib
     12996        446        465         16        348       9520   c_w.l
      3288        244          0          0          0       1840   fz_ws.l
      3734        252        200          0          0       1236   m_ws.l

    ----------------------------------------------------------------------
     61820       3172       1939        108        832     129951   Library Totals

    ----------------------------------------------------------------------

==============================================================================


      Code (inc. data)   RO Data    RW Data    ZI Data      Debug   

    262208      32088      23092        824      68552    1883953   Grand Totals
    262208      32088      23092        420      68552    1883953   ELF Image Totals (compressed)
    262208      32088      23092        420          0          0   ROM Totals

==============================================================================

    Total RO  Size (Code + RO Data)               285300 ( 278.61kB)
    Total RW  Size (RW Data + ZI Data)             69376 (  67.75kB)
    Total ROM Size (Code + RO Data + RW Data)     285720 ( 279.02kB)

==============================================================================

